Archive member included to satisfy reference by file (symbol)

/usr/local/Homebrew/Cellar/arm-none-eabi-gcc/10.3-2021.10/gcc/bin/../lib/gcc/arm-none-eabi/10.3.1/../../../../arm-none-eabi/lib/thumb/v7e-m/nofp/libg_nano.a(lib_a-errno.o)
                              objdir-CWLITEARM/stm32f3_sysmem.o (__errno)
/usr/local/Homebrew/Cellar/arm-none-eabi-gcc/10.3-2021.10/gcc/bin/../lib/gcc/arm-none-eabi/10.3.1/../../../../arm-none-eabi/lib/thumb/v7e-m/nofp/libg_nano.a(lib_a-exit.o)
                              /usr/local/Homebrew/Cellar/arm-none-eabi-gcc/10.3-2021.10/gcc/bin/../lib/gcc/arm-none-eabi/10.3.1/../../../../arm-none-eabi/lib/thumb/v7e-m/nofp/crt0.o (exit)
/usr/local/Homebrew/Cellar/arm-none-eabi-gcc/10.3-2021.10/gcc/bin/../lib/gcc/arm-none-eabi/10.3.1/../../../../arm-none-eabi/lib/thumb/v7e-m/nofp/libg_nano.a(lib_a-impure.o)
                              /usr/local/Homebrew/Cellar/arm-none-eabi-gcc/10.3-2021.10/gcc/bin/../lib/gcc/arm-none-eabi/10.3.1/../../../../arm-none-eabi/lib/thumb/v7e-m/nofp/libg_nano.a(lib_a-exit.o) (_global_impure_ptr)
/usr/local/Homebrew/Cellar/arm-none-eabi-gcc/10.3-2021.10/gcc/bin/../lib/gcc/arm-none-eabi/10.3.1/../../../../arm-none-eabi/lib/thumb/v7e-m/nofp/libg_nano.a(lib_a-init.o)
                              /usr/local/Homebrew/Cellar/arm-none-eabi-gcc/10.3-2021.10/gcc/bin/../lib/gcc/arm-none-eabi/10.3.1/../../../../arm-none-eabi/lib/thumb/v7e-m/nofp/crt0.o (__libc_init_array)
/usr/local/Homebrew/Cellar/arm-none-eabi-gcc/10.3-2021.10/gcc/bin/../lib/gcc/arm-none-eabi/10.3.1/../../../../arm-none-eabi/lib/thumb/v7e-m/nofp/libg_nano.a(lib_a-memcpy-stub.o)
                              objdir-CWLITEARM/simpleserial.o (memcpy)
/usr/local/Homebrew/Cellar/arm-none-eabi-gcc/10.3-2021.10/gcc/bin/../lib/gcc/arm-none-eabi/10.3.1/../../../../arm-none-eabi/lib/thumb/v7e-m/nofp/libg_nano.a(lib_a-memset.o)
                              /usr/local/Homebrew/Cellar/arm-none-eabi-gcc/10.3-2021.10/gcc/bin/../lib/gcc/arm-none-eabi/10.3.1/../../../../arm-none-eabi/lib/thumb/v7e-m/nofp/crt0.o (memset)
/usr/local/Homebrew/Cellar/arm-none-eabi-gcc/10.3-2021.10/gcc/bin/../lib/gcc/arm-none-eabi/10.3.1/../../../../arm-none-eabi/lib/thumb/v7e-m/nofp/libg_nano.a(lib_a-puts.o)
                              objdir-CWLITEARM/simpleserial-glitch.o (puts)
/usr/local/Homebrew/Cellar/arm-none-eabi-gcc/10.3-2021.10/gcc/bin/../lib/gcc/arm-none-eabi/10.3.1/../../../../arm-none-eabi/lib/thumb/v7e-m/nofp/libg_nano.a(lib_a-wbuf.o)
                              /usr/local/Homebrew/Cellar/arm-none-eabi-gcc/10.3-2021.10/gcc/bin/../lib/gcc/arm-none-eabi/10.3.1/../../../../arm-none-eabi/lib/thumb/v7e-m/nofp/libg_nano.a(lib_a-puts.o) (__swbuf_r)
/usr/local/Homebrew/Cellar/arm-none-eabi-gcc/10.3-2021.10/gcc/bin/../lib/gcc/arm-none-eabi/10.3.1/../../../../arm-none-eabi/lib/thumb/v7e-m/nofp/libg_nano.a(lib_a-wsetup.o)
                              /usr/local/Homebrew/Cellar/arm-none-eabi-gcc/10.3-2021.10/gcc/bin/../lib/gcc/arm-none-eabi/10.3.1/../../../../arm-none-eabi/lib/thumb/v7e-m/nofp/libg_nano.a(lib_a-puts.o) (__swsetup_r)
/usr/local/Homebrew/Cellar/arm-none-eabi-gcc/10.3-2021.10/gcc/bin/../lib/gcc/arm-none-eabi/10.3.1/../../../../arm-none-eabi/lib/thumb/v7e-m/nofp/libg_nano.a(lib_a-fflush.o)
                              /usr/local/Homebrew/Cellar/arm-none-eabi-gcc/10.3-2021.10/gcc/bin/../lib/gcc/arm-none-eabi/10.3.1/../../../../arm-none-eabi/lib/thumb/v7e-m/nofp/libg_nano.a(lib_a-wbuf.o) (_fflush_r)
/usr/local/Homebrew/Cellar/arm-none-eabi-gcc/10.3-2021.10/gcc/bin/../lib/gcc/arm-none-eabi/10.3.1/../../../../arm-none-eabi/lib/thumb/v7e-m/nofp/libg_nano.a(lib_a-findfp.o)
                              /usr/local/Homebrew/Cellar/arm-none-eabi-gcc/10.3-2021.10/gcc/bin/../lib/gcc/arm-none-eabi/10.3.1/../../../../arm-none-eabi/lib/thumb/v7e-m/nofp/libg_nano.a(lib_a-puts.o) (__sinit)
/usr/local/Homebrew/Cellar/arm-none-eabi-gcc/10.3-2021.10/gcc/bin/../lib/gcc/arm-none-eabi/10.3.1/../../../../arm-none-eabi/lib/thumb/v7e-m/nofp/libg_nano.a(lib_a-fwalk.o)
                              /usr/local/Homebrew/Cellar/arm-none-eabi-gcc/10.3-2021.10/gcc/bin/../lib/gcc/arm-none-eabi/10.3.1/../../../../arm-none-eabi/lib/thumb/v7e-m/nofp/libg_nano.a(lib_a-findfp.o) (_fwalk)
/usr/local/Homebrew/Cellar/arm-none-eabi-gcc/10.3-2021.10/gcc/bin/../lib/gcc/arm-none-eabi/10.3.1/../../../../arm-none-eabi/lib/thumb/v7e-m/nofp/libg_nano.a(lib_a-lock.o)
                              /usr/local/Homebrew/Cellar/arm-none-eabi-gcc/10.3-2021.10/gcc/bin/../lib/gcc/arm-none-eabi/10.3.1/../../../../arm-none-eabi/lib/thumb/v7e-m/nofp/libg_nano.a(lib_a-findfp.o) (__retarget_lock_init_recursive)
/usr/local/Homebrew/Cellar/arm-none-eabi-gcc/10.3-2021.10/gcc/bin/../lib/gcc/arm-none-eabi/10.3.1/../../../../arm-none-eabi/lib/thumb/v7e-m/nofp/libg_nano.a(lib_a-makebuf.o)
[...]
Memory Configuration

Name             Origin             Length             Attributes
RAM              0x0000000020000000 0x000000000000a000 xrw
ROM              0x0000000008000000 0x0000000000040000 xr
*default*        0x0000000000000000 0xffffffffffffffff

Linker script and memory map

LOAD /usr/local/Homebrew/Cellar/arm-none-eabi-gcc/10.3-2021.10/gcc/bin/../lib/gcc/arm-none-eabi/10.3.1/thumb/v7e-m/nofp/crti.o
LOAD /usr/local/Homebrew/Cellar/arm-none-eabi-gcc/10.3-2021.10/gcc/bin/../lib/gcc/arm-none-eabi/10.3.1/thumb/v7e-m/nofp/crtbegin.o
LOAD /usr/local/Homebrew/Cellar/arm-none-eabi-gcc/10.3-2021.10/gcc/bin/../lib/gcc/arm-none-eabi/10.3.1/../../../../arm-none-eabi/lib/thumb/v7e-m/nofp/crt0.o
LOAD objdir-CWLITEARM/simpleserial-glitch.o
LOAD objdir-CWLITEARM/simpleserial.o
LOAD objdir-CWLITEARM/stm32f3_hal.o
LOAD objdir-CWLITEARM/stm32f3_hal_lowlevel.o
LOAD objdir-CWLITEARM/stm32f3_sysmem.o
LOAD objdir-CWLITEARM/stm32f3_startup.o
LOAD /usr/local/Homebrew/Cellar/arm-none-eabi-gcc/10.3-2021.10/gcc/bin/../lib/gcc/arm-none-eabi/10.3.1/../../../../arm-none-eabi/lib/thumb/v7e-m/nofp/libm.a
LOAD /usr/local/Homebrew/Cellar/arm-none-eabi-gcc/10.3-2021.10/gcc/bin/../lib/gcc/arm-none-eabi/10.3.1/../../../../arm-none-eabi/lib/thumb/v7e-m/nofp/libm.a
START GROUP
LOAD /usr/local/Homebrew/Cellar/arm-none-eabi-gcc/10.3-2021.10/gcc/bin/../lib/gcc/arm-none-eabi/10.3.1/thumb/v7e-m/nofp/libgcc.a
LOAD /usr/local/Homebrew/Cellar/arm-none-eabi-gcc/10.3-2021.10/gcc/bin/../lib/gcc/arm-none-eabi/10.3.1/../../../../arm-none-eabi/lib/thumb/v7e-m/nofp/libg_nano.a
LOAD /usr/local/Homebrew/Cellar/arm-none-eabi-gcc/10.3-2021.10/gcc/bin/../lib/gcc/arm-none-eabi/10.3.1/../../../../arm-none-eabi/lib/thumb/v7e-m/nofp/libc_nano.a
END GROUP
START GROUP
LOAD /usr/local/Homebrew/Cellar/arm-none-eabi-gcc/10.3-2021.10/gcc/bin/../lib/gcc/arm-none-eabi/10.3.1/thumb/v7e-m/nofp/libgcc.a
LOAD /usr/local/Homebrew/Cellar/arm-none-eabi-gcc/10.3-2021.10/gcc/bin/../lib/gcc/arm-none-eabi/10.3.1/../../../../arm-none-eabi/lib/thumb/v7e-m/nofp/libc_nano.a
LOAD /usr/local/Homebrew/Cellar/arm-none-eabi-gcc/10.3-2021.10/gcc/bin/../lib/gcc/arm-none-eabi/10.3.1/../../../../arm-none-eabi/lib/thumb/v7e-m/nofp/libnosys.a
END GROUP
START GROUP
LOAD /usr/local/Homebrew/Cellar/arm-none-eabi-gcc/10.3-2021.10/gcc/bin/../lib/gcc/arm-none-eabi/10.3.1/thumb/v7e-m/nofp/libgcc.a
LOAD /usr/local/Homebrew/Cellar/arm-none-eabi-gcc/10.3-2021.10/gcc/bin/../lib/gcc/arm-none-eabi/10.3.1/../../../../arm-none-eabi/lib/thumb/v7e-m/nofp/libc_nano.a
LOAD /usr/local/Homebrew/Cellar/arm-none-eabi-gcc/10.3-2021.10/gcc/bin/../lib/gcc/arm-none-eabi/10.3.1/../../../../arm-none-eabi/lib/thumb/v7e-m/nofp/libnosys.a
END GROUP
LOAD /usr/local/Homebrew/Cellar/arm-none-eabi-gcc/10.3-2021.10/gcc/bin/../lib/gcc/arm-none-eabi/10.3.1/thumb/v7e-m/nofp/crtend.o
LOAD /usr/local/Homebrew/Cellar/arm-none-eabi-gcc/10.3-2021.10/gcc/bin/../lib/gcc/arm-none-eabi/10.3.1/thumb/v7e-m/nofp/crtn.o
                0x000000002000a000                _estack = 0x2000a000
                0x0000000000000000                _Min_Heap_Size = 0x0
                0x0000000000000400                _Min_Stack_Size = 0x400

.isr_vector     0x0000000008000000      0x188
                0x0000000008000000                . = ALIGN (0x4)
 *(.isr_vector)
 .isr_vector    0x0000000008000000      0x188 objdir-CWLITEARM/stm32f3_startup.o
                0x0000000008000000                g_pfnVectors
                0x0000000008000188                . = ALIGN (0x4)

.text           0x0000000008000188     0x2444
                0x0000000008000188                . = ALIGN (0x4)
 *(.text)
 .text          0x0000000008000188       0x40 /usr/local/Homebrew/Cellar/arm-none-eabi-gcc/10.3-2021.10/gcc/bin/../lib/gcc/arm-none-eabi/10.3.1/thumb/v7e-m/nofp/crtbegin.o
 *(.text*)
 .text.aes_gen_tables
                0x00000000080001c8      0x124 objdir-CWLITEARM/simpleserial-glitch.o
 .text.mbedtls_platform_zeroize.part.0
                0x00000000080002ec       0x14 objdir-CWLITEARM/simpleserial-glitch.o
 .text.mbedtls_aes_setkey_enc
                0x0000000008000300      0x1fc objdir-CWLITEARM/simpleserial-glitch.o
                0x0000000008000300                mbedtls_aes_setkey_enc
 .text.mbedtls_aes_init
                0x00000000080004fc        0xa objdir-CWLITEARM/simpleserial-glitch.o
                0x00000000080004fc                mbedtls_aes_init
 *fill*         0x0000000008000506        0x2 
 .text.mbedtls_internal_aes_encrypt
                0x0000000008000508      0x440 objdir-CWLITEARM/simpleserial-glitch.o
                0x0000000008000508                mbedtls_internal_aes_encrypt
 .text.fault_and_encrypt
                0x0000000008000948       0x74 objdir-CWLITEARM/simpleserial-glitch.o
                0x0000000008000948                fault_and_encrypt
 .text.startup.main
                0x00000000080009bc       0x64 objdir-CWLITEARM/simpleserial-glitch.o
                0x00000000080009bc                main
 .text.ss_crc   0x0000000008000a20       0x2a objdir-CWLITEARM/simpleserial.o
                0x0000000008000a20                ss_crc
 .text.stuff_data
                0x0000000008000a4a       0x22 objdir-CWLITEARM/simpleserial.o
                0x0000000008000a4a                stuff_data
 .text.unstuff_data
                0x0000000008000a6c       0x1e objdir-CWLITEARM/simpleserial.o
                0x0000000008000a6c                unstuff_data
 *fill*         0x0000000008000a8a        0x2 
 .text.simpleserial_addcmd
                0x0000000008000a8c       0x34 objdir-CWLITEARM/simpleserial.o
                0x0000000008000a8c                simpleserial_addcmd
 .text.simpleserial_init
                0x0000000008000ac0       0x24 objdir-CWLITEARM/simpleserial.o
                0x0000000008000ac0                simpleserial_init
 .text.simpleserial_put
                0x0000000008000ae4       0x56 objdir-CWLITEARM/simpleserial.o
                0x0000000008000ae4                simpleserial_put
 .text.check_version
                0x0000000008000b3a       0x1c objdir-CWLITEARM/simpleserial.o
                0x0000000008000b3a                check_version
 *fill*         0x0000000008000b56        0x2 
 .text.ss_get_commands
                0x0000000008000b58       0x3c objdir-CWLITEARM/simpleserial.o
                0x0000000008000b58                ss_get_commands
 .text.simpleserial_get
                0x0000000008000b94       0xdc objdir-CWLITEARM/simpleserial.o
                0x0000000008000b94                simpleserial_get
 .text.platform_init
                0x0000000008000c70       0x80 objdir-CWLITEARM/stm32f3_hal.o
                0x0000000008000c70                platform_init
 .text.init_uart
                0x0000000008000cf0       0x7c objdir-CWLITEARM/stm32f3_hal.o
                0x0000000008000cf0                init_uart
 .text.trigger_setup
                0x0000000008000d6c       0x48 objdir-CWLITEARM/stm32f3_hal.o
                0x0000000008000d6c                trigger_setup
 .text.trigger_high
                0x0000000008000db4        0xe objdir-CWLITEARM/stm32f3_hal.o
                0x0000000008000db4                trigger_high
 .text.trigger_low
                0x0000000008000dc2        0xe objdir-CWLITEARM/stm32f3_hal.o
                0x0000000008000dc2                trigger_low
 .text.getch    0x0000000008000dd0       0x34 objdir-CWLITEARM/stm32f3_hal.o
                0x0000000008000dd0                getch
 .text.putch    0x0000000008000e04       0x20 objdir-CWLITEARM/stm32f3_hal.o
                0x0000000008000e04                putch
 .text.HAL_GetTick
                0x0000000008000e24       0x10 objdir-CWLITEARM/stm32f3_hal_lowlevel.o
                0x0000000008000e24                HAL_GetTick
 .text.HAL_RCC_OscConfig
                0x0000000008000e34      0x4dc objdir-CWLITEARM/stm32f3_hal_lowlevel.o
                0x0000000008000e34                HAL_RCC_OscConfig
 .text.HAL_RCC_ClockConfig
                0x0000000008001310      0x14c objdir-CWLITEARM/stm32f3_hal_lowlevel.o
                0x0000000008001310                HAL_RCC_ClockConfig
 .text.HAL_GPIO_Init
                0x000000000800145c      0x188 objdir-CWLITEARM/stm32f3_hal_lowlevel.o
                0x000000000800145c                HAL_GPIO_Init
 .text.HAL_GPIO_WritePin
                0x00000000080015e4        0xa objdir-CWLITEARM/stm32f3_hal_lowlevel.o
                0x00000000080015e4                HAL_GPIO_WritePin
 *fill*         0x00000000080015ee        0x2 
 .text.UART_SetConfig
                0x00000000080015f0      0x1e0 objdir-CWLITEARM/stm32f3_hal_lowlevel.o
                0x00000000080015f0                UART_SetConfig
 .text.UART_WaitOnFlagUntilTimeout
                0x00000000080017d0       0x58 objdir-CWLITEARM/stm32f3_hal_lowlevel.o
                0x00000000080017d0                UART_WaitOnFlagUntilTimeout
 .text.UART_CheckIdleState
                0x0000000008001828       0x64 objdir-CWLITEARM/stm32f3_hal_lowlevel.o
                0x0000000008001828                UART_CheckIdleState
 .text.HAL_UART_Init
                0x000000000800188c       0x56 objdir-CWLITEARM/stm32f3_hal_lowlevel.o
                0x000000000800188c                HAL_UART_Init
 .text.HAL_UART_Transmit
                0x00000000080018e2       0xac objdir-CWLITEARM/stm32f3_hal_lowlevel.o
                0x00000000080018e2                HAL_UART_Transmit
 .text.HAL_UART_Receive
                0x000000000800198e       0xd6 objdir-CWLITEARM/stm32f3_hal_lowlevel.o
                0x000000000800198e                HAL_UART_Receive
 .text._sbrk    0x0000000008001a64       0x34 objdir-CWLITEARM/stm32f3_sysmem.o
                0x0000000008001a64                _sbrk
 .text.Reset_Handler
                0x0000000008001a98       0x48 objdir-CWLITEARM/stm32f3_startup.o
                0x0000000008001a98                Reset_Handler
 .text.Default_Handler
                0x0000000008001ae0        0x2 objdir-CWLITEARM/stm32f3_startup.o
                0x0000000008001ae0                BusFault_Handler
                0x0000000008001ae0                HardFault_Handler
                0x0000000008001ae0                SysTick_Handler
                0x0000000008001ae0                PendSV_Handler
                0x0000000008001ae0                NMI_Handler
                0x0000000008001ae0                UsageFault_Handler
                0x0000000008001ae0                Default_Handler
                0x0000000008001ae0                MemManage_Handler
                0x0000000008001ae0                SVC_Handler
                0x0000000008001ae0                DebugMon_Handler
 *fill*         0x0000000008001ae2        0x2 
 .text.__errno  0x0000000008001ae4        0xc /usr/local/Homebrew/Cellar/arm-none-eabi-gcc/10.3-2021.10/gcc/bin/../lib/gcc/arm-none-eabi/10.3.1/../../../../arm-none-eabi/lib/thumb/v7e-m/nofp/libg_nano.a(lib_a-errno.o)
                0x0000000008001ae4                __errno
 .text.__libc_init_array
                0x0000000008001af0       0x48 /usr/local/Homebrew/Cellar/arm-none-eabi-gcc/10.3-2021.10/gcc/bin/../lib/gcc/arm-none-eabi/10.3.1/../../../../arm-none-eabi/lib/thumb/v7e-m/nofp/libg_nano.a(lib_a-init.o)
                0x0000000008001af0                __libc_init_array
 .text.memcpy   0x0000000008001b38       0x1c /usr/local/Homebrew/Cellar/arm-none-eabi-gcc/10.3-2021.10/gcc/bin/../lib/gcc/arm-none-eabi/10.3.1/../../../../arm-none-eabi/lib/thumb/v7e-m/nofp/libg_nano.a(lib_a-memcpy-stub.o)
                0x0000000008001b38                memcpy
 .text.memset   0x0000000008001b54       0x10 /usr/local/Homebrew/Cellar/arm-none-eabi-gcc/10.3-2021.10/gcc/bin/../lib/gcc/arm-none-eabi/10.3.1/../../../../arm-none-eabi/lib/thumb/v7e-m/nofp/libg_nano.a(lib_a-memset.o)
                0x0000000008001b54                memset
 .text._puts_r  0x0000000008001b64       0xdc /usr/local/Homebrew/Cellar/arm-none-eabi-gcc/10.3-2021.10/gcc/bin/../lib/gcc/arm-none-eabi/10.3.1/../../../../arm-none-eabi/lib/thumb/v7e-m/nofp/libg_nano.a(lib_a-puts.o)
                0x0000000008001b64                _puts_r
 .text.puts     0x0000000008001c40       0x10 /usr/local/Homebrew/Cellar/arm-none-eabi-gcc/10.3-2021.10/gcc/bin/../lib/gcc/arm-none-eabi/10.3.1/../../../../arm-none-eabi/lib/thumb/v7e-m/nofp/libg_nano.a(lib_a-puts.o)
                0x0000000008001c40                puts
 .text.__swbuf_r
                0x0000000008001c50       0xa4 /usr/local/Homebrew/Cellar/arm-none-eabi-gcc/10.3-2021.10/gcc/bin/../lib/gcc/arm-none-eabi/10.3.1/../../../../arm-none-eabi/lib/thumb/v7e-m/nofp/libg_nano.a(lib_a-wbuf.o)
                0x0000000008001c50                __swbuf_r
 .text.__swsetup_r
                0x0000000008001cf4       0xdc /usr/local/Homebrew/Cellar/arm-none-eabi-gcc/10.3-2021.10/gcc/bin/../lib/gcc/arm-none-eabi/10.3.1/../../../../arm-none-eabi/lib/thumb/v7e-m/nofp/libg_nano.a(lib_a-wsetup.o)
                0x0000000008001cf4                __swsetup_r
 .text.__sflush_r
                0x0000000008001dd0      0x104 /usr/local/Homebrew/Cellar/arm-none-eabi-gcc/10.3-2021.10/gcc/bin/../lib/gcc/arm-none-eabi/10.3.1/../../../../arm-none-eabi/lib/thumb/v7e-m/nofp/libg_nano.a(lib_a-fflush.o)
                0x0000000008001dd0                __sflush_r
 .text._fflush_r
                0x0000000008001ed4       0x78 /usr/local/Homebrew/Cellar/arm-none-eabi-gcc/10.3-2021.10/gcc/bin/../lib/gcc/arm-none-eabi/10.3.1/../../../../arm-none-eabi/lib/thumb/v7e-m/nofp/libg_nano.a(lib_a-fflush.o)
                0x0000000008001ed4                _fflush_r
 .text.std      0x0000000008001f4c       0x48 /usr/local/Homebrew/Cellar/arm-none-eabi-gcc/10.3-2021.10/gcc/bin/../lib/gcc/arm-none-eabi/10.3.1/../../../../arm-none-eabi/lib/thumb/v7e-m/nofp/libg_nano.a(lib_a-findfp.o)
 .text._cleanup_r
                0x0000000008001f94        0xc /usr/local/Homebrew/Cellar/arm-none-eabi-gcc/10.3-2021.10/gcc/bin/../lib/gcc/arm-none-eabi/10.3.1/../../../../arm-none-eabi/lib/thumb/v7e-m/nofp/libg_nano.a(lib_a-findfp.o)
                0x0000000008001f94                _cleanup_r
 .text.__sfmoreglue
                0x0000000008001fa0       0x2c /usr/local/Homebrew/Cellar/arm-none-eabi-gcc/10.3-2021.10/gcc/bin/../lib/gcc/arm-none-eabi/10.3.1/../../../../arm-none-eabi/lib/thumb/v7e-m/nofp/libg_nano.a(lib_a-findfp.o)
                0x0000000008001fa0                __sfmoreglue
 .text.__sfp_lock_acquire
                0x0000000008001fcc        0xc /usr/local/Homebrew/Cellar/arm-none-eabi-gcc/10.3-2021.10/gcc/bin/../lib/gcc/arm-none-eabi/10.3.1/../../../../arm-none-eabi/lib/thumb/v7e-m/nofp/libg_nano.a(lib_a-findfp.o)
                0x0000000008001fcc                __sfp_lock_acquire
 .text.__sfp_lock_release
                0x0000000008001fd8        0xc /usr/local/Homebrew/Cellar/arm-none-eabi-gcc/10.3-2021.10/gcc/bin/../lib/gcc/arm-none-eabi/10.3.1/../../../../arm-none-eabi/lib/thumb/v7e-m/nofp/libg_nano.a(lib_a-findfp.o)
                0x0000000008001fd8                __sfp_lock_release
 .text.__sinit_lock_acquire
                0x0000000008001fe4        0xc /usr/local/Homebrew/Cellar/arm-none-eabi-gcc/10.3-2021.10/gcc/bin/../lib/gcc/arm-none-eabi/10.3.1/../../../../arm-none-eabi/lib/thumb/v7e-m/nofp/libg_nano.a(lib_a-findfp.o)
                0x0000000008001fe4                __sinit_lock_acquire
 .text.__sinit_lock_release
                0x0000000008001ff0        0xc /usr/local/Homebrew/Cellar/arm-none-eabi-gcc/10.3-2021.10/gcc/bin/../lib/gcc/arm-none-eabi/10.3.1/../../../../arm-none-eabi/lib/thumb/v7e-m/nofp/libg_nano.a(lib_a-findfp.o)
                0x0000000008001ff0                __sinit_lock_release
 .text.__sinit  0x0000000008001ffc       0x70 /usr/local/Homebrew/Cellar/arm-none-eabi-gcc/10.3-2021.10/gcc/bin/../lib/gcc/arm-none-eabi/10.3.1/../../../../arm-none-eabi/lib/thumb/v7e-m/nofp/libg_nano.a(lib_a-findfp.o)
                0x0000000008001ffc                __sinit
 .text.__sfp    0x000000000800206c       0x8c /usr/local/Homebrew/Cellar/arm-none-eabi-gcc/10.3-2021.10/gcc/bin/../lib/gcc/arm-none-eabi/10.3.1/../../../../arm-none-eabi/lib/thumb/v7e-m/nofp/libg_nano.a(lib_a-findfp.o)
                0x000000000800206c                __sfp
 .text._fwalk_reent
                0x00000000080020f8       0x3e /usr/local/Homebrew/Cellar/arm-none-eabi-gcc/10.3-2021.10/gcc/bin/../lib/gcc/arm-none-eabi/10.3.1/../../../../arm-none-eabi/lib/thumb/v7e-m/nofp/libg_nano.a(lib_a-fwalk.o)
                0x00000000080020f8                _fwalk_reent
 .text.__retarget_lock_init_recursive
                0x0000000008002136        0x2 /usr/local/Homebrew/Cellar/arm-none-eabi-gcc/10.3-2021.10/gcc/bin/../lib/gcc/arm-none-eabi/10.3.1/../../../../arm-none-eabi/lib/thumb/v7e-m/nofp/libg_nano.a(lib_a-lock.o)
                0x0000000008002136                __retarget_lock_init_recursive
 .text.__retarget_lock_acquire_recursive
                0x0000000008002138        0x2 /usr/local/Homebrew/Cellar/arm-none-eabi-gcc/10.3-2021.10/gcc/bin/../lib/gcc/arm-none-eabi/10.3.1/../../../../arm-none-eabi/lib/thumb/v7e-m/nofp/libg_nano.a(lib_a-lock.o)
                0x0000000008002138                __retarget_lock_acquire_recursive
 .text.__retarget_lock_release_recursive
                0x000000000800213a        0x2 /usr/local/Homebrew/Cellar/arm-none-eabi-gcc/10.3-2021.10/gcc/bin/../lib/gcc/arm-none-eabi/10.3.1/../../../../arm-none-eabi/lib/thumb/v7e-m/nofp/libg_nano.a(lib_a-lock.o)
                0x000000000800213a                __retarget_lock_release_recursive
 .text.__swhatbuf_r
                0x000000000800213c       0x4a /usr/local/Homebrew/Cellar/arm-none-eabi-gcc/10.3-2021.10/gcc/bin/../lib/gcc/arm-none-eabi/10.3.1/../../../../arm-none-eabi/lib/thumb/v7e-m/nofp/libg_nano.a(lib_a-makebuf.o)
                0x000000000800213c                __swhatbuf_r
 *fill*         0x0000000008002186        0x2 
 .text.__smakebuf_r
                0x0000000008002188       0x80 /usr/local/Homebrew/Cellar/arm-none-eabi-gcc/10.3-2021.10/gcc/bin/../lib/gcc/arm-none-eabi/10.3.1/../../../../arm-none-eabi/lib/thumb/v7e-m/nofp/libg_nano.a(lib_a-makebuf.o)
                0x0000000008002188                __smakebuf_r
 .text._free_r  0x0000000008002208       0x94 /usr/local/Homebrew/Cellar/arm-none-eabi-gcc/10.3-2021.10/gcc/bin/../lib/gcc/arm-none-eabi/10.3.1/../../../../arm-none-eabi/lib/thumb/v7e-m/nofp/libg_nano.a(lib_a-nano-freer.o)
                0x0000000008002208                _free_r
 .text.sbrk_aligned
                0x000000000800229c       0x40 /usr/local/Homebrew/Cellar/arm-none-eabi-gcc/10.3-2021.10/gcc/bin/../lib/gcc/arm-none-eabi/10.3.1/../../../../arm-none-eabi/lib/thumb/v7e-m/nofp/libg_nano.a(lib_a-nano-mallocr.o)
 .text._malloc_r
                0x00000000080022dc       0xe8 /usr/local/Homebrew/Cellar/arm-none-eabi-gcc/10.3-2021.10/gcc/bin/../lib/gcc/arm-none-eabi/10.3.1/../../../../arm-none-eabi/lib/thumb/v7e-m/nofp/libg_nano.a(lib_a-nano-mallocr.o)
                0x00000000080022dc                _malloc_r
 .text._sbrk_r  0x00000000080023c4       0x20 /usr/local/Homebrew/Cellar/arm-none-eabi-gcc/10.3-2021.10/gcc/bin/../lib/gcc/arm-none-eabi/10.3.1/../../../../arm-none-eabi/lib/thumb/v7e-m/nofp/libg_nano.a(lib_a-sbrkr.o)
                0x00000000080023c4                _sbrk_r
 .text.__sread  0x00000000080023e4       0x22 /usr/local/Homebrew/Cellar/arm-none-eabi-gcc/10.3-2021.10/gcc/bin/../lib/gcc/arm-none-eabi/10.3.1/../../../../arm-none-eabi/lib/thumb/v7e-m/nofp/libg_nano.a(lib_a-stdio.o)
                0x00000000080023e4                __sread
 .text.__swrite
                0x0000000008002406       0x38 /usr/local/Homebrew/Cellar/arm-none-eabi-gcc/10.3-2021.10/gcc/bin/../lib/gcc/arm-none-eabi/10.3.1/../../../../arm-none-eabi/lib/thumb/v7e-m/nofp/libg_nano.a(lib_a-stdio.o)
                0x0000000008002406                __swrite
 .text.__sseek  0x000000000800243e       0x24 /usr/local/Homebrew/Cellar/arm-none-eabi-gcc/10.3-2021.10/gcc/bin/../lib/gcc/arm-none-eabi/10.3.1/../../../../arm-none-eabi/lib/thumb/v7e-m/nofp/libg_nano.a(lib_a-stdio.o)
                0x000000000800243e                __sseek
 .text.__sclose
                0x0000000008002462        0x8 /usr/local/Homebrew/Cellar/arm-none-eabi-gcc/10.3-2021.10/gcc/bin/../lib/gcc/arm-none-eabi/10.3.1/../../../../arm-none-eabi/lib/thumb/v7e-m/nofp/libg_nano.a(lib_a-stdio.o)
                0x0000000008002462                __sclose
 *fill*         0x000000000800246a        0x2 
 .text._write_r
                0x000000000800246c       0x24 /usr/local/Homebrew/Cellar/arm-none-eabi-gcc/10.3-2021.10/gcc/bin/../lib/gcc/arm-none-eabi/10.3.1/../../../../arm-none-eabi/lib/thumb/v7e-m/nofp/libg_nano.a(lib_a-writer.o)
                0x000000000800246c                _write_r
 .text._close_r
                0x0000000008002490       0x20 /usr/local/Homebrew/Cellar/arm-none-eabi-gcc/10.3-2021.10/gcc/bin/../lib/gcc/arm-none-eabi/10.3.1/../../../../arm-none-eabi/lib/thumb/v7e-m/nofp/libg_nano.a(lib_a-closer.o)
                0x0000000008002490                _close_r
 .text._fstat_r
                0x00000000080024b0       0x24 /usr/local/Homebrew/Cellar/arm-none-eabi-gcc/10.3-2021.10/gcc/bin/../lib/gcc/arm-none-eabi/10.3.1/../../../../arm-none-eabi/lib/thumb/v7e-m/nofp/libg_nano.a(lib_a-fstatr.o)
                0x00000000080024b0                _fstat_r
 .text._isatty_r
                0x00000000080024d4       0x20 /usr/local/Homebrew/Cellar/arm-none-eabi-gcc/10.3-2021.10/gcc/bin/../lib/gcc/arm-none-eabi/10.3.1/../../../../arm-none-eabi/lib/thumb/v7e-m/nofp/libg_nano.a(lib_a-isattyr.o)
                0x00000000080024d4                _isatty_r
 .text._lseek_r
                0x00000000080024f4       0x24 /usr/local/Homebrew/Cellar/arm-none-eabi-gcc/10.3-2021.10/gcc/bin/../lib/gcc/arm-none-eabi/10.3.1/../../../../arm-none-eabi/lib/thumb/v7e-m/nofp/libg_nano.a(lib_a-lseekr.o)
                0x00000000080024f4                _lseek_r
 .text.__malloc_lock
                0x0000000008002518        0xc /usr/local/Homebrew/Cellar/arm-none-eabi-gcc/10.3-2021.10/gcc/bin/../lib/gcc/arm-none-eabi/10.3.1/../../../../arm-none-eabi/lib/thumb/v7e-m/nofp/libg_nano.a(lib_a-mlock.o)
                0x0000000008002518                __malloc_lock
 .text.__malloc_unlock
                0x0000000008002524        0xc /usr/local/Homebrew/Cellar/arm-none-eabi-gcc/10.3-2021.10/gcc/bin/../lib/gcc/arm-none-eabi/10.3.1/../../../../arm-none-eabi/lib/thumb/v7e-m/nofp/libg_nano.a(lib_a-mlock.o)
                0x0000000008002524                __malloc_unlock
 .text._read_r  0x0000000008002530       0x24 /usr/local/Homebrew/Cellar/arm-none-eabi-gcc/10.3-2021.10/gcc/bin/../lib/gcc/arm-none-eabi/10.3.1/../../../../arm-none-eabi/lib/thumb/v7e-m/nofp/libg_nano.a(lib_a-readr.o)
                0x0000000008002530                _read_r
 .text._close   0x0000000008002554       0x10 /usr/local/Homebrew/Cellar/arm-none-eabi-gcc/10.3-2021.10/gcc/bin/../lib/gcc/arm-none-eabi/10.3.1/../../../../arm-none-eabi/lib/thumb/v7e-m/nofp/libnosys.a(close.o)
                0x0000000008002554                _close
 .text._fstat   0x0000000008002564       0x10 /usr/local/Homebrew/Cellar/arm-none-eabi-gcc/10.3-2021.10/gcc/bin/../lib/gcc/arm-none-eabi/10.3.1/../../../../arm-none-eabi/lib/thumb/v7e-m/nofp/libnosys.a(fstat.o)
                0x0000000008002564                _fstat
 .text._isatty  0x0000000008002574       0x10 /usr/local/Homebrew/Cellar/arm-none-eabi-gcc/10.3-2021.10/gcc/bin/../lib/gcc/arm-none-eabi/10.3.1/../../../../arm-none-eabi/lib/thumb/v7e-m/nofp/libnosys.a(isatty.o)
                0x0000000008002574                _isatty
 .text._lseek   0x0000000008002584       0x10 /usr/local/Homebrew/Cellar/arm-none-eabi-gcc/10.3-2021.10/gcc/bin/../lib/gcc/arm-none-eabi/10.3.1/../../../../arm-none-eabi/lib/thumb/v7e-m/nofp/libnosys.a(lseek.o)
                0x0000000008002584                _lseek
 .text._read    0x0000000008002594       0x10 /usr/local/Homebrew/Cellar/arm-none-eabi-gcc/10.3-2021.10/gcc/bin/../lib/gcc/arm-none-eabi/10.3.1/../../../../arm-none-eabi/lib/thumb/v7e-m/nofp/libnosys.a(read.o)
                0x0000000008002594                _read
 .text._write   0x00000000080025a4       0x10 /usr/local/Homebrew/Cellar/arm-none-eabi-gcc/10.3-2021.10/gcc/bin/../lib/gcc/arm-none-eabi/10.3.1/../../../../arm-none-eabi/lib/thumb/v7e-m/nofp/libnosys.a(write.o)
                0x00000000080025a4                _write
 *(.glue_7)
 .glue_7        0x00000000080025b4        0x0 linker stubs
 *(.glue_7t)
 .glue_7t       0x00000000080025b4        0x0 linker stubs
 *(.eh_frame)
 .eh_frame      0x00000000080025b4        0x0 /usr/local/Homebrew/Cellar/arm-none-eabi-gcc/10.3-2021.10/gcc/bin/../lib/gcc/arm-none-eabi/10.3.1/thumb/v7e-m/nofp/crtbegin.o
 *(.init)
 .init          0x00000000080025b4        0x4 /usr/local/Homebrew/Cellar/arm-none-eabi-gcc/10.3-2021.10/gcc/bin/../lib/gcc/arm-none-eabi/10.3.1/thumb/v7e-m/nofp/crti.o
                0x00000000080025b4                _init
 .init          0x00000000080025b8        0x8 /usr/local/Homebrew/Cellar/arm-none-eabi-gcc/10.3-2021.10/gcc/bin/../lib/gcc/arm-none-eabi/10.3.1/thumb/v7e-m/nofp/crtn.o
 *(.fini)
 .fini          0x00000000080025c0        0x4 /usr/local/Homebrew/Cellar/arm-none-eabi-gcc/10.3-2021.10/gcc/bin/../lib/gcc/arm-none-eabi/10.3.1/thumb/v7e-m/nofp/crti.o
                0x00000000080025c0                _fini
 .fini          0x00000000080025c4        0x8 /usr/local/Homebrew/Cellar/arm-none-eabi-gcc/10.3-2021.10/gcc/bin/../lib/gcc/arm-none-eabi/10.3.1/thumb/v7e-m/nofp/crtn.o
                0x00000000080025cc                . = ALIGN (0x4)
                0x00000000080025cc                _etext = .

.vfp11_veneer   0x00000000080025cc        0x0
 .vfp11_veneer  0x00000000080025cc        0x0 linker stubs

.v4_bx          0x00000000080025cc        0x0
 .v4_bx         0x00000000080025cc        0x0 linker stubs

.iplt           0x00000000080025cc        0x0
 .iplt          0x00000000080025cc        0x0 /usr/local/Homebrew/Cellar/arm-none-eabi-gcc/10.3-2021.10/gcc/bin/../lib/gcc/arm-none-eabi/10.3.1/thumb/v7e-m/nofp/crtbegin.o

.rodata         0x00000000080025cc       0x80
                0x00000000080025cc                . = ALIGN (0x4)
 *(.rodata)
 .rodata        0x00000000080025cc        0x3 objdir-CWLITEARM/stm32f3_hal_lowlevel.o
 *(.rodata*)
 .rodata.str1.1
                0x00000000080025cf       0x19 objdir-CWLITEARM/simpleserial-glitch.o
 .rodata._global_impure_ptr
                0x00000000080025e8        0x4 /usr/local/Homebrew/Cellar/arm-none-eabi-gcc/10.3-2021.10/gcc/bin/../lib/gcc/arm-none-eabi/10.3.1/../../../../arm-none-eabi/lib/thumb/v7e-m/nofp/libg_nano.a(lib_a-impure.o)
                0x00000000080025e8                _global_impure_ptr
 .rodata.__sf_fake_stderr
                0x00000000080025ec       0x20 /usr/local/Homebrew/Cellar/arm-none-eabi-gcc/10.3-2021.10/gcc/bin/../lib/gcc/arm-none-eabi/10.3.1/../../../../arm-none-eabi/lib/thumb/v7e-m/nofp/libg_nano.a(lib_a-findfp.o)
                0x00000000080025ec                __sf_fake_stderr
 .rodata.__sf_fake_stdin
                0x000000000800260c       0x20 /usr/local/Homebrew/Cellar/arm-none-eabi-gcc/10.3-2021.10/gcc/bin/../lib/gcc/arm-none-eabi/10.3.1/../../../../arm-none-eabi/lib/thumb/v7e-m/nofp/libg_nano.a(lib_a-findfp.o)
                0x000000000800260c                __sf_fake_stdin
 .rodata.__sf_fake_stdout
                0x000000000800262c       0x20 /usr/local/Homebrew/Cellar/arm-none-eabi-gcc/10.3-2021.10/gcc/bin/../lib/gcc/arm-none-eabi/10.3.1/../../../../arm-none-eabi/lib/thumb/v7e-m/nofp/libg_nano.a(lib_a-findfp.o)
                0x000000000800262c                __sf_fake_stdout
                0x000000000800264c                . = ALIGN (0x4)

.rel.dyn        0x000000000800264c        0x0
 .rel.iplt      0x000000000800264c        0x0 /usr/local/Homebrew/Cellar/arm-none-eabi-gcc/10.3-2021.10/gcc/bin/../lib/gcc/arm-none-eabi/10.3.1/thumb/v7e-m/nofp/crtbegin.o

.ARM.extab      0x000000000800264c        0x0
                0x000000000800264c                . = ALIGN (0x4)
 *(.ARM.extab* .gnu.linkonce.armextab.*)
                0x000000000800264c                . = ALIGN (0x4)

.ARM            0x000000000800264c        0x0
                0x000000000800264c                . = ALIGN (0x4)
                0x000000000800264c                __exidx_start = .
 *(.ARM.exidx*)
                0x000000000800264c                __exidx_end = .
                0x000000000800264c                . = ALIGN (0x4)

.preinit_array  0x000000000800264c        0x0
                0x000000000800264c                . = ALIGN (0x4)
                0x000000000800264c                PROVIDE (__preinit_array_start = .)
 *(.preinit_array*)
                0x000000000800264c                PROVIDE (__preinit_array_end = .)
                0x000000000800264c                . = ALIGN (0x4)

.init_array     0x000000000800264c        0x4
                0x000000000800264c                . = ALIGN (0x4)
                0x000000000800264c                PROVIDE (__init_array_start = .)
 *(SORT_BY_NAME(.init_array.*))
 *(.init_array*)
 .init_array    0x000000000800264c        0x4 /usr/local/Homebrew/Cellar/arm-none-eabi-gcc/10.3-2021.10/gcc/bin/../lib/gcc/arm-none-eabi/10.3.1/thumb/v7e-m/nofp/crtbegin.o
                0x0000000008002650                PROVIDE (__init_array_end = .)
                0x0000000008002650                . = ALIGN (0x4)

.fini_array     0x0000000008002650        0x4
                0x0000000008002650                . = ALIGN (0x4)
                [!provide]                        PROVIDE (__fini_array_start = .)
 *(SORT_BY_NAME(.fini_array.*))
 *(.fini_array*)
 .fini_array    0x0000000008002650        0x4 /usr/local/Homebrew/Cellar/arm-none-eabi-gcc/10.3-2021.10/gcc/bin/../lib/gcc/arm-none-eabi/10.3.1/thumb/v7e-m/nofp/crtbegin.o
                [!provide]                        PROVIDE (__fini_array_end = .)
                0x0000000008002654                . = ALIGN (0x4)
                0x0000000008002654                _sidata = LOADADDR (.data)

.data           0x0000000020000000       0x78 load address 0x0000000008002654
                0x0000000020000000                . = ALIGN (0x4)
                0x0000000020000000                _sdata = .
 *(.data)
 .data          0x0000000020000000       0x14 objdir-CWLITEARM/simpleserial-glitch.o
                0x0000000020000004                key
 *(.data*)
 .data._impure_ptr
                0x0000000020000014        0x4 /usr/local/Homebrew/Cellar/arm-none-eabi-gcc/10.3-2021.10/gcc/bin/../lib/gcc/arm-none-eabi/10.3.1/../../../../arm-none-eabi/lib/thumb/v7e-m/nofp/libg_nano.a(lib_a-impure.o)
                0x0000000020000014                _impure_ptr
 .data.impure_data
                0x0000000020000018       0x60 /usr/local/Homebrew/Cellar/arm-none-eabi-gcc/10.3-2021.10/gcc/bin/../lib/gcc/arm-none-eabi/10.3.1/../../../../arm-none-eabi/lib/thumb/v7e-m/nofp/libg_nano.a(lib_a-impure.o)
                0x0000000020000078                . = ALIGN (0x4)
                0x0000000020000078                _edata = .

.igot.plt       0x0000000020000078        0x0 load address 0x00000000080026cc
 .igot.plt      0x0000000020000078        0x0 /usr/local/Homebrew/Cellar/arm-none-eabi-gcc/10.3-2021.10/gcc/bin/../lib/gcc/arm-none-eabi/10.3.1/thumb/v7e-m/nofp/crtbegin.o
                0x0000000020000078                . = ALIGN (0x4)

.bss            0x0000000020000078     0x13b8 load address 0x00000000080026cc
                0x0000000020000078                _sbss = .
                0x0000000020000078                __bss_start__ = _sbss
 *(.bss)
 .bss           0x0000000020000078       0x1c /usr/local/Homebrew/Cellar/arm-none-eabi-gcc/10.3-2021.10/gcc/bin/../lib/gcc/arm-none-eabi/10.3.1/thumb/v7e-m/nofp/crtbegin.o
 .bss           0x0000000020000094     0x124c objdir-CWLITEARM/simpleserial-glitch.o
                0x00000000200011c0                n_gencalls
                0x00000000200011c8                ctx
 .bss           0x00000000200012e0       0xc4 objdir-CWLITEARM/simpleserial.o
 .bss           0x00000000200013a4       0x70 objdir-CWLITEARM/stm32f3_hal.o
                0x00000000200013a4                UartHandle
 .bss           0x0000000020001414        0x8 objdir-CWLITEARM/stm32f3_hal_lowlevel.o
                0x0000000020001414                hal_sys_tick
                0x0000000020001418                uwTick
 .bss           0x000000002000141c        0x4 objdir-CWLITEARM/stm32f3_sysmem.o
 *(.bss*)
 .bss.__lock___malloc_recursive_mutex
                0x0000000020001420        0x1 /usr/local/Homebrew/Cellar/arm-none-eabi-gcc/10.3-2021.10/gcc/bin/../lib/gcc/arm-none-eabi/10.3.1/../../../../arm-none-eabi/lib/thumb/v7e-m/nofp/libg_nano.a(lib_a-lock.o)
                0x0000000020001420                __lock___malloc_recursive_mutex
 .bss.__lock___sfp_recursive_mutex
                0x0000000020001421        0x1 /usr/local/Homebrew/Cellar/arm-none-eabi-gcc/10.3-2021.10/gcc/bin/../lib/gcc/arm-none-eabi/10.3.1/../../../../arm-none-eabi/lib/thumb/v7e-m/nofp/libg_nano.a(lib_a-lock.o)
                0x0000000020001421                __lock___sfp_recursive_mutex
 .bss.__lock___sinit_recursive_mutex
                0x0000000020001422        0x1 /usr/local/Homebrew/Cellar/arm-none-eabi-gcc/10.3-2021.10/gcc/bin/../lib/gcc/arm-none-eabi/10.3.1/../../../../arm-none-eabi/lib/thumb/v7e-m/nofp/libg_nano.a(lib_a-lock.o)
                0x0000000020001422                __lock___sinit_recursive_mutex
 *fill*         0x0000000020001423        0x1 
 .bss.__malloc_free_list
                0x0000000020001424        0x4 /usr/local/Homebrew/Cellar/arm-none-eabi-gcc/10.3-2021.10/gcc/bin/../lib/gcc/arm-none-eabi/10.3.1/../../../../arm-none-eabi/lib/thumb/v7e-m/nofp/libg_nano.a(lib_a-nano-mallocr.o)
                0x0000000020001424                __malloc_free_list
 .bss.__malloc_sbrk_start
                0x0000000020001428        0x4 /usr/local/Homebrew/Cellar/arm-none-eabi-gcc/10.3-2021.10/gcc/bin/../lib/gcc/arm-none-eabi/10.3.1/../../../../arm-none-eabi/lib/thumb/v7e-m/nofp/libg_nano.a(lib_a-nano-mallocr.o)
                0x0000000020001428                __malloc_sbrk_start
 .bss.errno     0x000000002000142c        0x4 /usr/local/Homebrew/Cellar/arm-none-eabi-gcc/10.3-2021.10/gcc/bin/../lib/gcc/arm-none-eabi/10.3.1/../../../../arm-none-eabi/lib/thumb/v7e-m/nofp/libg_nano.a(lib_a-reent.o)
                0x000000002000142c                errno
 *(COMMON)
                0x0000000020001430                . = ALIGN (0x4)
                0x0000000020001430                _ebss = .
                0x0000000020001430                __bss_end__ = _ebss

._user_heap_stack
                0x0000000020001430      0x400 load address 0x00000000080026cc
                0x0000000020001430                . = ALIGN (0x8)
                0x0000000020001430                PROVIDE (end = .)
                [!provide]                        PROVIDE (_end = .)
                0x0000000020001430                . = (. + _Min_Heap_Size)
                0x0000000020001830                . = (. + _Min_Stack_Size)
 *fill*         0x0000000020001430      0x400 
                0x0000000020001830                . = ALIGN (0x8)

/DISCARD/
 libc.a(*)
 libm.a(*)
 libgcc.a(*)

.ARM.attributes
                0x0000000000000000       0x2a
 *(.ARM.attributes)
 .ARM.attributes
                0x0000000000000000       0x1e /usr/local/Homebrew/Cellar/arm-none-eabi-gcc/10.3-2021.10/gcc/bin/../lib/gcc/arm-none-eabi/10.3.1/thumb/v7e-m/nofp/crti.o
 .ARM.attributes
                0x000000000000001e       0x2e /usr/local/Homebrew/Cellar/arm-none-eabi-gcc/10.3-2021.10/gcc/bin/../lib/gcc/arm-none-eabi/10.3.1/thumb/v7e-m/nofp/crtbegin.o
 .ARM.attributes
                0x000000000000004c       0x2e objdir-CWLITEARM/simpleserial-glitch.o
 .ARM.attributes
                0x000000000000007a       0x2e objdir-CWLITEARM/simpleserial.o
 .ARM.attributes
                0x00000000000000a8       0x2e objdir-CWLITEARM/stm32f3_hal.o
 .ARM.attributes
                0x00000000000000d6       0x2e objdir-CWLITEARM/stm32f3_hal_lowlevel.o
 .ARM.attributes
                0x0000000000000104       0x2e objdir-CWLITEARM/stm32f3_sysmem.o
 .ARM.attributes
                0x0000000000000132       0x21 objdir-CWLITEARM/stm32f3_startup.o
 .ARM.attributes
                0x0000000000000153       0x2e /usr/local/Homebrew/Cellar/arm-none-eabi-gcc/10.3-2021.10/gcc/bin/../lib/gcc/arm-none-eabi/10.3.1/../../../../arm-none-eabi/lib/thumb/v7e-m/nofp/libg_nano.a(lib_a-errno.o)
 .ARM.attributes
                0x0000000000000181       0x2e /usr/local/Homebrew/Cellar/arm-none-eabi-gcc/10.3-2021.10/gcc/bin/../lib/gcc/arm-none-eabi/10.3.1/../../../../arm-none-eabi/lib/thumb/v7e-m/nofp/libg_nano.a(lib_a-impure.o)
 .ARM.attributes
                0x00000000000001af       0x2e /usr/local/Homebrew/Cellar/arm-none-eabi-gcc/10.3-2021.10/gcc/bin/../lib/gcc/arm-none-eabi/10.3.1/../../../../arm-none-eabi/lib/thumb/v7e-m/nofp/libg_nano.a(lib_a-init.o)
 .ARM.attributes
                0x00000000000001dd       0x2e /usr/local/Homebrew/Cellar/arm-none-eabi-gcc/10.3-2021.10/gcc/bin/../lib/gcc/arm-none-eabi/10.3.1/../../../../arm-none-eabi/lib/thumb/v7e-m/nofp/libg_nano.a(lib_a-memcpy-stub.o)
 .ARM.attributes
                0x000000000000020b       0x2e /usr/local/Homebrew/Cellar/arm-none-eabi-gcc/10.3-2021.10/gcc/bin/../lib/gcc/arm-none-eabi/10.3.1/../../../../arm-none-eabi/lib/thumb/v7e-m/nofp/libg_nano.a(lib_a-memset.o)
 .ARM.attributes
                0x0000000000000239       0x2e /usr/local/Homebrew/Cellar/arm-none-eabi-gcc/10.3-2021.10/gcc/bin/../lib/gcc/arm-none-eabi/10.3.1/../../../../arm-none-eabi/lib/thumb/v7e-m/nofp/libg_nano.a(lib_a-puts.o)
 .ARM.attributes
                0x0000000000000267       0x2e /usr/local/Homebrew/Cellar/arm-none-eabi-gcc/10.3-2021.10/gcc/bin/../lib/gcc/arm-none-eabi/10.3.1/../../../../arm-none-eabi/lib/thumb/v7e-m/nofp/libg_nano.a(lib_a-wbuf.o)
 .ARM.attributes
                0x0000000000000295       0x2e /usr/local/Homebrew/Cellar/arm-none-eabi-gcc/10.3-2021.10/gcc/bin/../lib/gcc/arm-none-eabi/10.3.1/../../../../arm-none-eabi/lib/thumb/v7e-m/nofp/libg_nano.a(lib_a-wsetup.o)
 .ARM.attributes
                0x00000000000002c3       0x2e /usr/local/Homebrew/Cellar/arm-none-eabi-gcc/10.3-2021.10/gcc/bin/../lib/gcc/arm-none-eabi/10.3.1/../../../../arm-none-eabi/lib/thumb/v7e-m/nofp/libg_nano.a(lib_a-fflush.o)
 .ARM.attributes
                0x00000000000002f1       0x2e /usr/local/Homebrew/Cellar/arm-none-eabi-gcc/10.3-2021.10/gcc/bin/../lib/gcc/arm-none-eabi/10.3.1/../../../../arm-none-eabi/lib/thumb/v7e-m/nofp/libg_nano.a(lib_a-findfp.o)
 .ARM.attributes
                0x000000000000031f       0x2e /usr/local/Homebrew/Cellar/arm-none-eabi-gcc/10.3-2021.10/gcc/bin/../lib/gcc/arm-none-eabi/10.3.1/../../../../arm-none-eabi/lib/thumb/v7e-m/nofp/libg_nano.a(lib_a-fwalk.o)
 .ARM.attributes
                0x000000000000034d       0x2e /usr/local/Homebrew/Cellar/arm-none-eabi-gcc/10.3-2021.10/gcc/bin/../lib/gcc/arm-none-eabi/10.3.1/../../../../arm-none-eabi/lib/thumb/v7e-m/nofp/libg_nano.a(lib_a-lock.o)
 .ARM.attributes
                0x000000000000037b       0x2e /usr/local/Homebrew/Cellar/arm-none-eabi-gcc/10.3-2021.10/gcc/bin/../lib/gcc/arm-none-eabi/10.3.1/../../../../arm-none-eabi/lib/thumb/v7e-m/nofp/libg_nano.a(lib_a-makebuf.o)
 .ARM.attributes
                0x00000000000003a9       0x2e /usr/local/Homebrew/Cellar/arm-none-eabi-gcc/10.3-2021.10/gcc/bin/../lib/gcc/arm-none-eabi/10.3.1/../../../../arm-none-eabi/lib/thumb/v7e-m/nofp/libg_nano.a(lib_a-nano-freer.o)
 .ARM.attributes
                0x00000000000003d7       0x2e /usr/local/Homebrew/Cellar/arm-none-eabi-gcc/10.3-2021.10/gcc/bin/../lib/gcc/arm-none-eabi/10.3.1/../../../../arm-none-eabi/lib/thumb/v7e-m/nofp/libg_nano.a(lib_a-nano-mallocr.o)
 .ARM.attributes
                0x0000000000000405       0x2e /usr/local/Homebrew/Cellar/arm-none-eabi-gcc/10.3-2021.10/gcc/bin/../lib/gcc/arm-none-eabi/10.3.1/../../../../arm-none-eabi/lib/thumb/v7e-m/nofp/libg_nano.a(lib_a-sbrkr.o)
 .ARM.attributes
                0x0000000000000433       0x2e /usr/local/Homebrew/Cellar/arm-none-eabi-gcc/10.3-2021.10/gcc/bin/../lib/gcc/arm-none-eabi/10.3.1/../../../../arm-none-eabi/lib/thumb/v7e-m/nofp/libg_nano.a(lib_a-stdio.o)
 .ARM.attributes
                0x0000000000000461       0x2e /usr/local/Homebrew/Cellar/arm-none-eabi-gcc/10.3-2021.10/gcc/bin/../lib/gcc/arm-none-eabi/10.3.1/../../../../arm-none-eabi/lib/thumb/v7e-m/nofp/libg_nano.a(lib_a-writer.o)
 .ARM.attributes
                0x000000000000048f       0x2e /usr/local/Homebrew/Cellar/arm-none-eabi-gcc/10.3-2021.10/gcc/bin/../lib/gcc/arm-none-eabi/10.3.1/../../../../arm-none-eabi/lib/thumb/v7e-m/nofp/libg_nano.a(lib_a-closer.o)
 .ARM.attributes
                0x00000000000004bd       0x2e /usr/local/Homebrew/Cellar/arm-none-eabi-gcc/10.3-2021.10/gcc/bin/../lib/gcc/arm-none-eabi/10.3.1/../../../../arm-none-eabi/lib/thumb/v7e-m/nofp/libg_nano.a(lib_a-fstatr.o)
 .ARM.attributes
                0x00000000000004eb       0x2e /usr/local/Homebrew/Cellar/arm-none-eabi-gcc/10.3-2021.10/gcc/bin/../lib/gcc/arm-none-eabi/10.3.1/../../../../arm-none-eabi/lib/thumb/v7e-m/nofp/libg_nano.a(lib_a-isattyr.o)
 .ARM.attributes
                0x0000000000000519       0x2e /usr/local/Homebrew/Cellar/arm-none-eabi-gcc/10.3-2021.10/gcc/bin/../lib/gcc/arm-none-eabi/10.3.1/../../../../arm-none-eabi/lib/thumb/v7e-m/nofp/libg_nano.a(lib_a-lseekr.o)
 .ARM.attributes
                0x0000000000000547       0x2e /usr/local/Homebrew/Cellar/arm-none-eabi-gcc/10.3-2021.10/gcc/bin/../lib/gcc/arm-none-eabi/10.3.1/../../../../arm-none-eabi/lib/thumb/v7e-m/nofp/libg_nano.a(lib_a-mlock.o)
 .ARM.attributes
                0x0000000000000575       0x2e /usr/local/Homebrew/Cellar/arm-none-eabi-gcc/10.3-2021.10/gcc/bin/../lib/gcc/arm-none-eabi/10.3.1/../../../../arm-none-eabi/lib/thumb/v7e-m/nofp/libg_nano.a(lib_a-readr.o)
 .ARM.attributes
                0x00000000000005a3       0x2e /usr/local/Homebrew/Cellar/arm-none-eabi-gcc/10.3-2021.10/gcc/bin/../lib/gcc/arm-none-eabi/10.3.1/../../../../arm-none-eabi/lib/thumb/v7e-m/nofp/libg_nano.a(lib_a-reent.o)
 .ARM.attributes
                0x00000000000005d1       0x2e /usr/local/Homebrew/Cellar/arm-none-eabi-gcc/10.3-2021.10/gcc/bin/../lib/gcc/arm-none-eabi/10.3.1/../../../../arm-none-eabi/lib/thumb/v7e-m/nofp/libnosys.a(close.o)
 .ARM.attributes
                0x00000000000005ff       0x2e /usr/local/Homebrew/Cellar/arm-none-eabi-gcc/10.3-2021.10/gcc/bin/../lib/gcc/arm-none-eabi/10.3.1/../../../../arm-none-eabi/lib/thumb/v7e-m/nofp/libnosys.a(fstat.o)
 .ARM.attributes
                0x000000000000062d       0x2e /usr/local/Homebrew/Cellar/arm-none-eabi-gcc/10.3-2021.10/gcc/bin/../lib/gcc/arm-none-eabi/10.3.1/../../../../arm-none-eabi/lib/thumb/v7e-m/nofp/libnosys.a(isatty.o)
 .ARM.attributes
                0x000000000000065b       0x2e /usr/local/Homebrew/Cellar/arm-none-eabi-gcc/10.3-2021.10/gcc/bin/../lib/gcc/arm-none-eabi/10.3.1/../../../../arm-none-eabi/lib/thumb/v7e-m/nofp/libnosys.a(lseek.o)
 .ARM.attributes
                0x0000000000000689       0x2e /usr/local/Homebrew/Cellar/arm-none-eabi-gcc/10.3-2021.10/gcc/bin/../lib/gcc/arm-none-eabi/10.3.1/../../../../arm-none-eabi/lib/thumb/v7e-m/nofp/libnosys.a(read.o)
 .ARM.attributes
                0x00000000000006b7       0x2e /usr/local/Homebrew/Cellar/arm-none-eabi-gcc/10.3-2021.10/gcc/bin/../lib/gcc/arm-none-eabi/10.3.1/../../../../arm-none-eabi/lib/thumb/v7e-m/nofp/libnosys.a(write.o)
 .ARM.attributes
                0x00000000000006e5       0x1e /usr/local/Homebrew/Cellar/arm-none-eabi-gcc/10.3-2021.10/gcc/bin/../lib/gcc/arm-none-eabi/10.3.1/thumb/v7e-m/nofp/crtn.o
OUTPUT(simpleserial-glitch-CWLITEARM.elf elf32-littlearm)
LOAD linker stubs
LOAD /usr/local/Homebrew/Cellar/arm-none-eabi-gcc/10.3-2021.10/gcc/bin/../lib/gcc/arm-none-eabi/10.3.1/../../../../arm-none-eabi/lib/thumb/v7e-m/nofp/libc.a
LOAD /usr/local/Homebrew/Cellar/arm-none-eabi-gcc/10.3-2021.10/gcc/bin/../lib/gcc/arm-none-eabi/10.3.1/../../../../arm-none-eabi/lib/thumb/v7e-m/nofp/libm.a
LOAD /usr/local/Homebrew/Cellar/arm-none-eabi-gcc/10.3-2021.10/gcc/bin/../lib/gcc/arm-none-eabi/10.3.1/thumb/v7e-m/nofp/libgcc.a

.debug_info     0x0000000000000000     0x4f99
 .debug_info    0x0000000000000000     0x1230 objdir-CWLITEARM/simpleserial-glitch.o
 .debug_info    0x0000000000001230      0x815 objdir-CWLITEARM/simpleserial.o
 .debug_info    0x0000000000001a45      0xe88 objdir-CWLITEARM/stm32f3_hal.o
 .debug_info    0x00000000000028cd     0x25bf objdir-CWLITEARM/stm32f3_hal_lowlevel.o
 .debug_info    0x0000000000004e8c      0x10d objdir-CWLITEARM/stm32f3_sysmem.o

.debug_abbrev   0x0000000000000000      0xe56
 .debug_abbrev  0x0000000000000000      0x483 objdir-CWLITEARM/simpleserial-glitch.o
 .debug_abbrev  0x0000000000000483      0x22d objdir-CWLITEARM/simpleserial.o
 .debug_abbrev  0x00000000000006b0      0x225 objdir-CWLITEARM/stm32f3_hal.o
 .debug_abbrev  0x00000000000008d5      0x4af objdir-CWLITEARM/stm32f3_hal_lowlevel.o
 .debug_abbrev  0x0000000000000d84       0xd2 objdir-CWLITEARM/stm32f3_sysmem.o

.debug_loc      0x0000000000000000     0x39c6
 .debug_loc     0x0000000000000000     0x183c objdir-CWLITEARM/simpleserial-glitch.o
 .debug_loc     0x000000000000183c      0x901 objdir-CWLITEARM/simpleserial.o
 .debug_loc     0x000000000000213d      0x1a4 objdir-CWLITEARM/stm32f3_hal.o
 .debug_loc     0x00000000000022e1     0x1671 objdir-CWLITEARM/stm32f3_hal_lowlevel.o
 .debug_loc     0x0000000000003952       0x74 objdir-CWLITEARM/stm32f3_sysmem.o

.debug_aranges  0x0000000000000000      0x208
 .debug_aranges
                0x0000000000000000       0x88 objdir-CWLITEARM/simpleserial-glitch.o
 .debug_aranges
                0x0000000000000088       0x70 objdir-CWLITEARM/simpleserial.o
 .debug_aranges
                0x00000000000000f8       0x60 objdir-CWLITEARM/stm32f3_hal.o
 .debug_aranges
                0x0000000000000158       0x90 objdir-CWLITEARM/stm32f3_hal_lowlevel.o
 .debug_aranges
                0x00000000000001e8       0x20 objdir-CWLITEARM/stm32f3_sysmem.o

.debug_ranges   0x0000000000000000      0x640
 .debug_ranges  0x0000000000000000      0x290 objdir-CWLITEARM/simpleserial-glitch.o
 .debug_ranges  0x0000000000000290       0xf0 objdir-CWLITEARM/simpleserial.o
 .debug_ranges  0x0000000000000380       0xb0 objdir-CWLITEARM/stm32f3_hal.o
 .debug_ranges  0x0000000000000430      0x200 objdir-CWLITEARM/stm32f3_hal_lowlevel.o
 .debug_ranges  0x0000000000000630       0x10 objdir-CWLITEARM/stm32f3_sysmem.o

.debug_line     0x0000000000000000     0x3517
 .debug_line    0x0000000000000000     0x125f objdir-CWLITEARM/simpleserial-glitch.o
 .debug_line    0x000000000000125f      0x683 objdir-CWLITEARM/simpleserial.o
 .debug_line    0x00000000000018e2      0x3e3 objdir-CWLITEARM/stm32f3_hal.o
 .debug_line    0x0000000000001cc5     0x1747 objdir-CWLITEARM/stm32f3_hal_lowlevel.o
 .debug_line    0x000000000000340c      0x10b objdir-CWLITEARM/stm32f3_sysmem.o

.debug_str      0x0000000000000000     0x155c
 .debug_str     0x0000000000000000      0x437 objdir-CWLITEARM/simpleserial-glitch.o
                                        0x49c (size before relaxing)
 .debug_str     0x0000000000000437      0x129 objdir-CWLITEARM/simpleserial.o
                                        0x36b (size before relaxing)
 .debug_str     0x0000000000000560      0x6f0 objdir-CWLITEARM/stm32f3_hal.o
                                        0x950 (size before relaxing)
 .debug_str     0x0000000000000c50      0x8bf objdir-CWLITEARM/stm32f3_hal_lowlevel.o
                                       0x11b5 (size before relaxing)
 .debug_str     0x000000000000150f       0x4d objdir-CWLITEARM/stm32f3_sysmem.o
                                        0x206 (size before relaxing)

.comment        0x0000000000000000       0x49
 .comment       0x0000000000000000       0x49 objdir-CWLITEARM/simpleserial-glitch.o
                                         0x4a (size before relaxing)
 .comment       0x0000000000000049       0x4a objdir-CWLITEARM/simpleserial.o
 .comment       0x0000000000000049       0x4a objdir-CWLITEARM/stm32f3_hal.o
 .comment       0x0000000000000049       0x4a objdir-CWLITEARM/stm32f3_hal_lowlevel.o
 .comment       0x0000000000000049       0x4a objdir-CWLITEARM/stm32f3_sysmem.o

.debug_frame    0x0000000000000000      0xdd4
 .debug_frame   0x0000000000000000      0x1cc objdir-CWLITEARM/simpleserial-glitch.o
 .debug_frame   0x00000000000001cc      0x154 objdir-CWLITEARM/simpleserial.o
 .debug_frame   0x0000000000000320       0xec objdir-CWLITEARM/stm32f3_hal.o
 .debug_frame   0x000000000000040c      0x1d4 objdir-CWLITEARM/stm32f3_hal_lowlevel.o
 .debug_frame   0x00000000000005e0       0x28 objdir-CWLITEARM/stm32f3_sysmem.o
 .debug_frame   0x0000000000000608       0x20 /usr/local/Homebrew/Cellar/arm-none-eabi-gcc/10.3-2021.10/gcc/bin/../lib/gcc/arm-none-eabi/10.3.1/../../../../arm-none-eabi/lib/thumb/v7e-m/nofp/libg_nano.a(lib_a-errno.o)
 .debug_frame   0x0000000000000628       0x2c /usr/local/Homebrew/Cellar/arm-none-eabi-gcc/10.3-2021.10/gcc/bin/../lib/gcc/arm-none-eabi/10.3.1/../../../../arm-none-eabi/lib/thumb/v7e-m/nofp/libg_nano.a(lib_a-init.o)
 .debug_frame   0x0000000000000654       0x28 /usr/local/Homebrew/Cellar/arm-none-eabi-gcc/10.3-2021.10/gcc/bin/../lib/gcc/arm-none-eabi/10.3.1/../../../../arm-none-eabi/lib/thumb/v7e-m/nofp/libg_nano.a(lib_a-memcpy-stub.o)
 .debug_frame   0x000000000000067c       0x20 /usr/local/Homebrew/Cellar/arm-none-eabi-gcc/10.3-2021.10/gcc/bin/../lib/gcc/arm-none-eabi/10.3.1/../../../../arm-none-eabi/lib/thumb/v7e-m/nofp/libg_nano.a(lib_a-memset.o)
 .debug_frame   0x000000000000069c       0x3c /usr/local/Homebrew/Cellar/arm-none-eabi-gcc/10.3-2021.10/gcc/bin/../lib/gcc/arm-none-eabi/10.3.1/../../../../arm-none-eabi/lib/thumb/v7e-m/nofp/libg_nano.a(lib_a-puts.o)
 .debug_frame   0x00000000000006d8       0x40 /usr/local/Homebrew/Cellar/arm-none-eabi-gcc/10.3-2021.10/gcc/bin/../lib/gcc/arm-none-eabi/10.3.1/../../../../arm-none-eabi/lib/thumb/v7e-m/nofp/libg_nano.a(lib_a-wbuf.o)
 .debug_frame   0x0000000000000718       0x2c /usr/local/Homebrew/Cellar/arm-none-eabi-gcc/10.3-2021.10/gcc/bin/../lib/gcc/arm-none-eabi/10.3.1/../../../../arm-none-eabi/lib/thumb/v7e-m/nofp/libg_nano.a(lib_a-wsetup.o)
 .debug_frame   0x0000000000000744       0x5c /usr/local/Homebrew/Cellar/arm-none-eabi-gcc/10.3-2021.10/gcc/bin/../lib/gcc/arm-none-eabi/10.3.1/../../../../arm-none-eabi/lib/thumb/v7e-m/nofp/libg_nano.a(lib_a-fflush.o)
 .debug_frame   0x00000000000007a0      0x14c /usr/local/Homebrew/Cellar/arm-none-eabi-gcc/10.3-2021.10/gcc/bin/../lib/gcc/arm-none-eabi/10.3.1/../../../../arm-none-eabi/lib/thumb/v7e-m/nofp/libg_nano.a(lib_a-findfp.o)
 .debug_frame   0x00000000000008ec       0x54 /usr/local/Homebrew/Cellar/arm-none-eabi-gcc/10.3-2021.10/gcc/bin/../lib/gcc/arm-none-eabi/10.3.1/../../../../arm-none-eabi/lib/thumb/v7e-m/nofp/libg_nano.a(lib_a-fwalk.o)
 .debug_frame   0x0000000000000940       0xb0 /usr/local/Homebrew/Cellar/arm-none-eabi-gcc/10.3-2021.10/gcc/bin/../lib/gcc/arm-none-eabi/10.3.1/../../../../arm-none-eabi/lib/thumb/v7e-m/nofp/libg_nano.a(lib_a-lock.o)
 .debug_frame   0x00000000000009f0       0x58 /usr/local/Homebrew/Cellar/arm-none-eabi-gcc/10.3-2021.10/gcc/bin/../lib/gcc/arm-none-eabi/10.3.1/../../../../arm-none-eabi/lib/thumb/v7e-m/nofp/libg_nano.a(lib_a-makebuf.o)
 .debug_frame   0x0000000000000a48       0x38 /usr/local/Homebrew/Cellar/arm-none-eabi-gcc/10.3-2021.10/gcc/bin/../lib/gcc/arm-none-eabi/10.3.1/../../../../arm-none-eabi/lib/thumb/v7e-m/nofp/libg_nano.a(lib_a-nano-freer.o)
 .debug_frame   0x0000000000000a80       0x4c /usr/local/Homebrew/Cellar/arm-none-eabi-gcc/10.3-2021.10/gcc/bin/../lib/gcc/arm-none-eabi/10.3.1/../../../../arm-none-eabi/lib/thumb/v7e-m/nofp/libg_nano.a(lib_a-nano-mallocr.o)
 .debug_frame   0x0000000000000acc       0x2c /usr/local/Homebrew/Cellar/arm-none-eabi-gcc/10.3-2021.10/gcc/bin/../lib/gcc/arm-none-eabi/10.3.1/../../../../arm-none-eabi/lib/thumb/v7e-m/nofp/libg_nano.a(lib_a-sbrkr.o)
 .debug_frame   0x0000000000000af8       0x88 /usr/local/Homebrew/Cellar/arm-none-eabi-gcc/10.3-2021.10/gcc/bin/../lib/gcc/arm-none-eabi/10.3.1/../../../../arm-none-eabi/lib/thumb/v7e-m/nofp/libg_nano.a(lib_a-stdio.o)
 .debug_frame   0x0000000000000b80       0x2c /usr/local/Homebrew/Cellar/arm-none-eabi-gcc/10.3-2021.10/gcc/bin/../lib/gcc/arm-none-eabi/10.3.1/../../../../arm-none-eabi/lib/thumb/v7e-m/nofp/libg_nano.a(lib_a-writer.o)
 .debug_frame   0x0000000000000bac       0x2c /usr/local/Homebrew/Cellar/arm-none-eabi-gcc/10.3-2021.10/gcc/bin/../lib/gcc/arm-none-eabi/10.3.1/../../../../arm-none-eabi/lib/thumb/v7e-m/nofp/libg_nano.a(lib_a-closer.o)
 .debug_frame   0x0000000000000bd8       0x2c /usr/local/Homebrew/Cellar/arm-none-eabi-gcc/10.3-2021.10/gcc/bin/../lib/gcc/arm-none-eabi/10.3.1/../../../../arm-none-eabi/lib/thumb/v7e-m/nofp/libg_nano.a(lib_a-fstatr.o)
 .debug_frame   0x0000000000000c04       0x2c /usr/local/Homebrew/Cellar/arm-none-eabi-gcc/10.3-2021.10/gcc/bin/../lib/gcc/arm-none-eabi/10.3.1/../../../../arm-none-eabi/lib/thumb/v7e-m/nofp/libg_nano.a(lib_a-isattyr.o)
 .debug_frame   0x0000000000000c30       0x2c /usr/local/Homebrew/Cellar/arm-none-eabi-gcc/10.3-2021.10/gcc/bin/../lib/gcc/arm-none-eabi/10.3.1/../../../../arm-none-eabi/lib/thumb/v7e-m/nofp/libg_nano.a(lib_a-lseekr.o)
 .debug_frame   0x0000000000000c5c       0x30 /usr/local/Homebrew/Cellar/arm-none-eabi-gcc/10.3-2021.10/gcc/bin/../lib/gcc/arm-none-eabi/10.3.1/../../../../arm-none-eabi/lib/thumb/v7e-m/nofp/libg_nano.a(lib_a-mlock.o)
 .debug_frame   0x0000000000000c8c       0x2c /usr/local/Homebrew/Cellar/arm-none-eabi-gcc/10.3-2021.10/gcc/bin/../lib/gcc/arm-none-eabi/10.3.1/../../../../arm-none-eabi/lib/thumb/v7e-m/nofp/libg_nano.a(lib_a-readr.o)
 .debug_frame   0x0000000000000cb8       0x5c /usr/local/Homebrew/Cellar/arm-none-eabi-gcc/10.3-2021.10/gcc/bin/../lib/gcc/arm-none-eabi/10.3.1/../../../../arm-none-eabi/lib/thumb/v7e-m/nofp/libg_nano.a(lib_a-reent.o)
 .debug_frame   0x0000000000000d14       0x20 /usr/local/Homebrew/Cellar/arm-none-eabi-gcc/10.3-2021.10/gcc/bin/../lib/gcc/arm-none-eabi/10.3.1/../../../../arm-none-eabi/lib/thumb/v7e-m/nofp/libnosys.a(close.o)
 .debug_frame   0x0000000000000d34       0x20 /usr/local/Homebrew/Cellar/arm-none-eabi-gcc/10.3-2021.10/gcc/bin/../lib/gcc/arm-none-eabi/10.3.1/../../../../arm-none-eabi/lib/thumb/v7e-m/nofp/libnosys.a(fstat.o)
 .debug_frame   0x0000000000000d54       0x20 /usr/local/Homebrew/Cellar/arm-none-eabi-gcc/10.3-2021.10/gcc/bin/../lib/gcc/arm-none-eabi/10.3.1/../../../../arm-none-eabi/lib/thumb/v7e-m/nofp/libnosys.a(isatty.o)
 .debug_frame   0x0000000000000d74       0x20 /usr/local/Homebrew/Cellar/arm-none-eabi-gcc/10.3-2021.10/gcc/bin/../lib/gcc/arm-none-eabi/10.3.1/../../../../arm-none-eabi/lib/thumb/v7e-m/nofp/libnosys.a(lseek.o)
 .debug_frame   0x0000000000000d94       0x20 /usr/local/Homebrew/Cellar/arm-none-eabi-gcc/10.3-2021.10/gcc/bin/../lib/gcc/arm-none-eabi/10.3.1/../../../../arm-none-eabi/lib/thumb/v7e-m/nofp/libnosys.a(read.o)
 .debug_frame   0x0000000000000db4       0x20 /usr/local/Homebrew/Cellar/arm-none-eabi-gcc/10.3-2021.10/gcc/bin/../lib/gcc/arm-none-eabi/10.3.1/../../../../arm-none-eabi/lib/thumb/v7e-m/nofp/libnosys.a(write.o)

.stab           0x0000000000000000      0x1d4
 .stab          0x0000000000000000      0x144 objdir-CWLITEARM/stm32f3_startup.o
 .stab          0x0000000000000144       0x18 /usr/local/Homebrew/Cellar/arm-none-eabi-gcc/10.3-2021.10/gcc/bin/../lib/gcc/arm-none-eabi/10.3.1/../../../../arm-none-eabi/lib/thumb/v7e-m/nofp/libnosys.a(close.o)
                                         0x24 (size before relaxing)
 .stab          0x000000000000015c       0x18 /usr/local/Homebrew/Cellar/arm-none-eabi-gcc/10.3-2021.10/gcc/bin/../lib/gcc/arm-none-eabi/10.3.1/../../../../arm-none-eabi/lib/thumb/v7e-m/nofp/libnosys.a(fstat.o)
                                         0x24 (size before relaxing)
 .stab          0x0000000000000174       0x18 /usr/local/Homebrew/Cellar/arm-none-eabi-gcc/10.3-2021.10/gcc/bin/../lib/gcc/arm-none-eabi/10.3.1/../../../../arm-none-eabi/lib/thumb/v7e-m/nofp/libnosys.a(isatty.o)
                                         0x24 (size before relaxing)
 .stab          0x000000000000018c       0x18 /usr/local/Homebrew/Cellar/arm-none-eabi-gcc/10.3-2021.10/gcc/bin/../lib/gcc/arm-none-eabi/10.3.1/../../../../arm-none-eabi/lib/thumb/v7e-m/nofp/libnosys.a(lseek.o)
                                         0x24 (size before relaxing)
 .stab          0x00000000000001a4       0x18 /usr/local/Homebrew/Cellar/arm-none-eabi-gcc/10.3-2021.10/gcc/bin/../lib/gcc/arm-none-eabi/10.3.1/../../../../arm-none-eabi/lib/thumb/v7e-m/nofp/libnosys.a(read.o)
                                         0x24 (size before relaxing)
 .stab          0x00000000000001bc       0x18 /usr/local/Homebrew/Cellar/arm-none-eabi-gcc/10.3-2021.10/gcc/bin/../lib/gcc/arm-none-eabi/10.3.1/../../../../arm-none-eabi/lib/thumb/v7e-m/nofp/libnosys.a(write.o)
                                         0x24 (size before relaxing)

.stabstr        0x0000000000000000      0x1a5
 .stabstr       0x0000000000000000      0x1a5 objdir-CWLITEARM/stm32f3_startup.o

Cross Reference Table

Symbol                                            File
BusFault_Handler                                  objdir-CWLITEARM/stm32f3_startup.o
DebugMon_Handler                                  objdir-CWLITEARM/stm32f3_startup.o
Default_Handler                                   objdir-CWLITEARM/stm32f3_startup.o
HAL_GPIO_Init                                     objdir-CWLITEARM/stm32f3_hal_lowlevel.o
                                                  objdir-CWLITEARM/stm32f3_hal.o
HAL_GPIO_WritePin                                 objdir-CWLITEARM/stm32f3_hal_lowlevel.o
                                                  objdir-CWLITEARM/stm32f3_hal.o
HAL_GetTick                                       objdir-CWLITEARM/stm32f3_hal_lowlevel.o
HAL_IncTick                                       objdir-CWLITEARM/stm32f3_hal_lowlevel.o
HAL_InitTick                                      objdir-CWLITEARM/stm32f3_hal_lowlevel.o
HAL_NVIC_SetPriority                              objdir-CWLITEARM/stm32f3_hal_lowlevel.o
HAL_RCC_ClockConfig                               objdir-CWLITEARM/stm32f3_hal_lowlevel.o
                                                  objdir-CWLITEARM/stm32f3_hal.o
HAL_RCC_GetPCLK1Freq                              objdir-CWLITEARM/stm32f3_hal_lowlevel.o
HAL_RCC_GetPCLK2Freq                              objdir-CWLITEARM/stm32f3_hal_lowlevel.o
HAL_RCC_GetSysClockFreq                           objdir-CWLITEARM/stm32f3_hal_lowlevel.o
HAL_RCC_OscConfig                                 objdir-CWLITEARM/stm32f3_hal_lowlevel.o
                                                  objdir-CWLITEARM/stm32f3_hal.o
HAL_UART_Init                                     objdir-CWLITEARM/stm32f3_hal_lowlevel.o
                                                  objdir-CWLITEARM/stm32f3_hal.o
HAL_UART_Receive                                  objdir-CWLITEARM/stm32f3_hal_lowlevel.o
                                                  objdir-CWLITEARM/stm32f3_hal.o
HAL_UART_Transmit                                 objdir-CWLITEARM/stm32f3_hal_lowlevel.o
                                                  objdir-CWLITEARM/stm32f3_hal.o
HardFault_Handler                                 objdir-CWLITEARM/stm32f3_startup.o
MemManage_Handler                                 objdir-CWLITEARM/stm32f3_startup.o
NMI_Handler                                       objdir-CWLITEARM/stm32f3_startup.o
PendSV_Handler                                    objdir-CWLITEARM/stm32f3_startup.o
Reset_Handler                                     objdir-CWLITEARM/stm32f3_startup.o
SVC_Handler                                       objdir-CWLITEARM/stm32f3_startup.o
SysTick_Handler                                   objdir-CWLITEARM/stm32f3_startup.o
SystemCoreClock                                   objdir-CWLITEARM/stm32f3_hal_lowlevel.o
SystemInit                                        objdir-CWLITEARM/stm32f3_startup.o
UART_CheckIdleState                               objdir-CWLITEARM/stm32f3_hal_lowlevel.o
UART_SetConfig                                    objdir-CWLITEARM/stm32f3_hal_lowlevel.o
UART_WaitOnFlagUntilTimeout                       objdir-CWLITEARM/stm32f3_hal_lowlevel.o
UartHandle                                        objdir-CWLITEARM/stm32f3_hal.o
UsageFault_Handler                                objdir-CWLITEARM/stm32f3_startup.o
__bss_end__                                       /usr/local/Homebrew/Cellar/arm-none-eabi-gcc/10.3-2021.10/gcc/bin/../lib/gcc/arm-none-eabi/10.3.1/../../../../arm-none-eabi/lib/thumb/v7e-m/nofp/crt0.o
__bss_start__                                     /usr/local/Homebrew/Cellar/arm-none-eabi-gcc/10.3-2021.10/gcc/bin/../lib/gcc/arm-none-eabi/10.3.1/../../../../arm-none-eabi/lib/thumb/v7e-m/nofp/crt0.o
__call_exitprocs                                  /usr/local/Homebrew/Cellar/arm-none-eabi-gcc/10.3-2021.10/gcc/bin/../lib/gcc/arm-none-eabi/10.3.1/../../../../arm-none-eabi/lib/thumb/v7e-m/nofp/libg_nano.a(lib_a-exit.o)
__deregister_frame_info                           /usr/local/Homebrew/Cellar/arm-none-eabi-gcc/10.3-2021.10/gcc/bin/../lib/gcc/arm-none-eabi/10.3.1/thumb/v7e-m/nofp/crtbegin.o
__dso_handle                                      /usr/local/Homebrew/Cellar/arm-none-eabi-gcc/10.3-2021.10/gcc/bin/../lib/gcc/arm-none-eabi/10.3.1/thumb/v7e-m/nofp/crtbegin.o
__errno                                           /usr/local/Homebrew/Cellar/arm-none-eabi-gcc/10.3-2021.10/gcc/bin/../lib/gcc/arm-none-eabi/10.3.1/../../../../arm-none-eabi/lib/thumb/v7e-m/nofp/libg_nano.a(lib_a-errno.o)
                                                  objdir-CWLITEARM/stm32f3_sysmem.o
__fp_lock_all                                     /usr/local/Homebrew/Cellar/arm-none-eabi-gcc/10.3-2021.10/gcc/bin/../lib/gcc/arm-none-eabi/10.3.1/../../../../arm-none-eabi/lib/thumb/v7e-m/nofp/libg_nano.a(lib_a-findfp.o)
__fp_unlock_all                                   /usr/local/Homebrew/Cellar/arm-none-eabi-gcc/10.3-2021.10/gcc/bin/../lib/gcc/arm-none-eabi/10.3.1/../../../../arm-none-eabi/lib/thumb/v7e-m/nofp/libg_nano.a(lib_a-findfp.o)
__init_array_end                                  /usr/local/Homebrew/Cellar/arm-none-eabi-gcc/10.3-2021.10/gcc/bin/../lib/gcc/arm-none-eabi/10.3.1/../../../../arm-none-eabi/lib/thumb/v7e-m/nofp/libg_nano.a(lib_a-init.o)
__init_array_start                                /usr/local/Homebrew/Cellar/arm-none-eabi-gcc/10.3-2021.10/gcc/bin/../lib/gcc/arm-none-eabi/10.3.1/../../../../arm-none-eabi/lib/thumb/v7e-m/nofp/libg_nano.a(lib_a-init.o)
__libc_fini_array                                 /usr/local/Homebrew/Cellar/arm-none-eabi-gcc/10.3-2021.10/gcc/bin/../lib/gcc/arm-none-eabi/10.3.1/../../../../arm-none-eabi/lib/thumb/v7e-m/nofp/crt0.o
__libc_init_array                                 /usr/local/Homebrew/Cellar/arm-none-eabi-gcc/10.3-2021.10/gcc/bin/../lib/gcc/arm-none-eabi/10.3.1/../../../../arm-none-eabi/lib/thumb/v7e-m/nofp/libg_nano.a(lib_a-init.o)
                                                  objdir-CWLITEARM/stm32f3_startup.o
                                                  /usr/local/Homebrew/Cellar/arm-none-eabi-gcc/10.3-2021.10/gcc/bin/../lib/gcc/arm-none-eabi/10.3.1/../../../../arm-none-eabi/lib/thumb/v7e-m/nofp/crt0.o
__lock___arc4random_mutex                         /usr/local/Homebrew/Cellar/arm-none-eabi-gcc/10.3-2021.10/gcc/bin/../lib/gcc/arm-none-eabi/10.3.1/../../../../arm-none-eabi/lib/thumb/v7e-m/nofp/libg_nano.a(lib_a-lock.o)
__lock___at_quick_exit_mutex                      /usr/local/Homebrew/Cellar/arm-none-eabi-gcc/10.3-2021.10/gcc/bin/../lib/gcc/arm-none-eabi/10.3.1/../../../../arm-none-eabi/lib/thumb/v7e-m/nofp/libg_nano.a(lib_a-lock.o)
__lock___atexit_recursive_mutex                   /usr/local/Homebrew/Cellar/arm-none-eabi-gcc/10.3-2021.10/gcc/bin/../lib/gcc/arm-none-eabi/10.3.1/../../../../arm-none-eabi/lib/thumb/v7e-m/nofp/libg_nano.a(lib_a-lock.o)
__lock___dd_hash_mutex                            /usr/local/Homebrew/Cellar/arm-none-eabi-gcc/10.3-2021.10/gcc/bin/../lib/gcc/arm-none-eabi/10.3.1/../../../../arm-none-eabi/lib/thumb/v7e-m/nofp/libg_nano.a(lib_a-lock.o)
__lock___env_recursive_mutex                      /usr/local/Homebrew/Cellar/arm-none-eabi-gcc/10.3-2021.10/gcc/bin/../lib/gcc/arm-none-eabi/10.3.1/../../../../arm-none-eabi/lib/thumb/v7e-m/nofp/libg_nano.a(lib_a-lock.o)
__lock___malloc_recursive_mutex                   /usr/local/Homebrew/Cellar/arm-none-eabi-gcc/10.3-2021.10/gcc/bin/../lib/gcc/arm-none-eabi/10.3.1/../../../../arm-none-eabi/lib/thumb/v7e-m/nofp/libg_nano.a(lib_a-lock.o)
                                                  /usr/local/Homebrew/Cellar/arm-none-eabi-gcc/10.3-2021.10/gcc/bin/../lib/gcc/arm-none-eabi/10.3.1/../../../../arm-none-eabi/lib/thumb/v7e-m/nofp/libg_nano.a(lib_a-mlock.o)
__lock___sfp_recursive_mutex                      /usr/local/Homebrew/Cellar/arm-none-eabi-gcc/10.3-2021.10/gcc/bin/../lib/gcc/arm-none-eabi/10.3.1/../../../../arm-none-eabi/lib/thumb/v7e-m/nofp/libg_nano.a(lib_a-lock.o)
                                                  /usr/local/Homebrew/Cellar/arm-none-eabi-gcc/10.3-2021.10/gcc/bin/../lib/gcc/arm-none-eabi/10.3.1/../../../../arm-none-eabi/lib/thumb/v7e-m/nofp/libg_nano.a(lib_a-findfp.o)
__lock___sinit_recursive_mutex                    /usr/local/Homebrew/Cellar/arm-none-eabi-gcc/10.3-2021.10/gcc/bin/../lib/gcc/arm-none-eabi/10.3.1/../../../../arm-none-eabi/lib/thumb/v7e-m/nofp/libg_nano.a(lib_a-lock.o)
                                                  /usr/local/Homebrew/Cellar/arm-none-eabi-gcc/10.3-2021.10/gcc/bin/../lib/gcc/arm-none-eabi/10.3.1/../../../../arm-none-eabi/lib/thumb/v7e-m/nofp/libg_nano.a(lib_a-findfp.o)
__lock___tz_mutex                                 /usr/local/Homebrew/Cellar/arm-none-eabi-gcc/10.3-2021.10/gcc/bin/../lib/gcc/arm-none-eabi/10.3.1/../../../../arm-none-eabi/lib/thumb/v7e-m/nofp/libg_nano.a(lib_a-lock.o)
__malloc_free_list                                /usr/local/Homebrew/Cellar/arm-none-eabi-gcc/10.3-2021.10/gcc/bin/../lib/gcc/arm-none-eabi/10.3.1/../../../../arm-none-eabi/lib/thumb/v7e-m/nofp/libg_nano.a(lib_a-nano-mallocr.o)
                                                  /usr/local/Homebrew/Cellar/arm-none-eabi-gcc/10.3-2021.10/gcc/bin/../lib/gcc/arm-none-eabi/10.3.1/../../../../arm-none-eabi/lib/thumb/v7e-m/nofp/libg_nano.a(lib_a-nano-freer.o)
__malloc_lock                                     /usr/local/Homebrew/Cellar/arm-none-eabi-gcc/10.3-2021.10/gcc/bin/../lib/gcc/arm-none-eabi/10.3.1/../../../../arm-none-eabi/lib/thumb/v7e-m/nofp/libg_nano.a(lib_a-mlock.o)
                                                  /usr/local/Homebrew/Cellar/arm-none-eabi-gcc/10.3-2021.10/gcc/bin/../lib/gcc/arm-none-eabi/10.3.1/../../../../arm-none-eabi/lib/thumb/v7e-m/nofp/libg_nano.a(lib_a-nano-mallocr.o)
                                                  /usr/local/Homebrew/Cellar/arm-none-eabi-gcc/10.3-2021.10/gcc/bin/../lib/gcc/arm-none-eabi/10.3.1/../../../../arm-none-eabi/lib/thumb/v7e-m/nofp/libg_nano.a(lib_a-nano-freer.o)
__malloc_sbrk_start                               /usr/local/Homebrew/Cellar/arm-none-eabi-gcc/10.3-2021.10/gcc/bin/../lib/gcc/arm-none-eabi/10.3.1/../../../../arm-none-eabi/lib/thumb/v7e-m/nofp/libg_nano.a(lib_a-nano-mallocr.o)
__malloc_unlock                                   /usr/local/Homebrew/Cellar/arm-none-eabi-gcc/10.3-2021.10/gcc/bin/../lib/gcc/arm-none-eabi/10.3.1/../../../../arm-none-eabi/lib/thumb/v7e-m/nofp/libg_nano.a(lib_a-mlock.o)
                                                  /usr/local/Homebrew/Cellar/arm-none-eabi-gcc/10.3-2021.10/gcc/bin/../lib/gcc/arm-none-eabi/10.3.1/../../../../arm-none-eabi/lib/thumb/v7e-m/nofp/libg_nano.a(lib_a-nano-mallocr.o)
                                                  /usr/local/Homebrew/Cellar/arm-none-eabi-gcc/10.3-2021.10/gcc/bin/../lib/gcc/arm-none-eabi/10.3.1/../../../../arm-none-eabi/lib/thumb/v7e-m/nofp/libg_nano.a(lib_a-nano-freer.o)
__preinit_array_end                               /usr/local/Homebrew/Cellar/arm-none-eabi-gcc/10.3-2021.10/gcc/bin/../lib/gcc/arm-none-eabi/10.3.1/../../../../arm-none-eabi/lib/thumb/v7e-m/nofp/libg_nano.a(lib_a-init.o)
__preinit_array_start                             /usr/local/Homebrew/Cellar/arm-none-eabi-gcc/10.3-2021.10/gcc/bin/../lib/gcc/arm-none-eabi/10.3.1/../../../../arm-none-eabi/lib/thumb/v7e-m/nofp/libg_nano.a(lib_a-init.o)
__register_frame_info                             /usr/local/Homebrew/Cellar/arm-none-eabi-gcc/10.3-2021.10/gcc/bin/../lib/gcc/arm-none-eabi/10.3.1/thumb/v7e-m/nofp/crtbegin.o
__retarget_lock_acquire                           /usr/local/Homebrew/Cellar/arm-none-eabi-gcc/10.3-2021.10/gcc/bin/../lib/gcc/arm-none-eabi/10.3.1/../../../../arm-none-eabi/lib/thumb/v7e-m/nofp/libg_nano.a(lib_a-lock.o)
__retarget_lock_acquire_recursive                 /usr/local/Homebrew/Cellar/arm-none-eabi-gcc/10.3-2021.10/gcc/bin/../lib/gcc/arm-none-eabi/10.3.1/../../../../arm-none-eabi/lib/thumb/v7e-m/nofp/libg_nano.a(lib_a-lock.o)
                                                  /usr/local/Homebrew/Cellar/arm-none-eabi-gcc/10.3-2021.10/gcc/bin/../lib/gcc/arm-none-eabi/10.3.1/../../../../arm-none-eabi/lib/thumb/v7e-m/nofp/libg_nano.a(lib_a-mlock.o)
                                                  /usr/local/Homebrew/Cellar/arm-none-eabi-gcc/10.3-2021.10/gcc/bin/../lib/gcc/arm-none-eabi/10.3.1/../../../../arm-none-eabi/lib/thumb/v7e-m/nofp/libg_nano.a(lib_a-findfp.o)
                                                  /usr/local/Homebrew/Cellar/arm-none-eabi-gcc/10.3-2021.10/gcc/bin/../lib/gcc/arm-none-eabi/10.3.1/../../../../arm-none-eabi/lib/thumb/v7e-m/nofp/libg_nano.a(lib_a-fflush.o)
                                                  /usr/local/Homebrew/Cellar/arm-none-eabi-gcc/10.3-2021.10/gcc/bin/../lib/gcc/arm-none-eabi/10.3.1/../../../../arm-none-eabi/lib/thumb/v7e-m/nofp/libg_nano.a(lib_a-puts.o)
__retarget_lock_close                             /usr/local/Homebrew/Cellar/arm-none-eabi-gcc/10.3-2021.10/gcc/bin/../lib/gcc/arm-none-eabi/10.3.1/../../../../arm-none-eabi/lib/thumb/v7e-m/nofp/libg_nano.a(lib_a-lock.o)
__retarget_lock_close_recursive                   /usr/local/Homebrew/Cellar/arm-none-eabi-gcc/10.3-2021.10/gcc/bin/../lib/gcc/arm-none-eabi/10.3.1/../../../../arm-none-eabi/lib/thumb/v7e-m/nofp/libg_nano.a(lib_a-lock.o)
__retarget_lock_init                              /usr/local/Homebrew/Cellar/arm-none-eabi-gcc/10.3-2021.10/gcc/bin/../lib/gcc/arm-none-eabi/10.3.1/../../../../arm-none-eabi/lib/thumb/v7e-m/nofp/libg_nano.a(lib_a-lock.o)
__retarget_lock_init_recursive                    /usr/local/Homebrew/Cellar/arm-none-eabi-gcc/10.3-2021.10/gcc/bin/../lib/gcc/arm-none-eabi/10.3.1/../../../../arm-none-eabi/lib/thumb/v7e-m/nofp/libg_nano.a(lib_a-lock.o)
                                                  /usr/local/Homebrew/Cellar/arm-none-eabi-gcc/10.3-2021.10/gcc/bin/../lib/gcc/arm-none-eabi/10.3.1/../../../../arm-none-eabi/lib/thumb/v7e-m/nofp/libg_nano.a(lib_a-findfp.o)
__retarget_lock_release                           /usr/local/Homebrew/Cellar/arm-none-eabi-gcc/10.3-2021.10/gcc/bin/../lib/gcc/arm-none-eabi/10.3.1/../../../../arm-none-eabi/lib/thumb/v7e-m/nofp/libg_nano.a(lib_a-lock.o)
__retarget_lock_release_recursive                 /usr/local/Homebrew/Cellar/arm-none-eabi-gcc/10.3-2021.10/gcc/bin/../lib/gcc/arm-none-eabi/10.3.1/../../../../arm-none-eabi/lib/thumb/v7e-m/nofp/libg_nano.a(lib_a-lock.o)
                                                  /usr/local/Homebrew/Cellar/arm-none-eabi-gcc/10.3-2021.10/gcc/bin/../lib/gcc/arm-none-eabi/10.3.1/../../../../arm-none-eabi/lib/thumb/v7e-m/nofp/libg_nano.a(lib_a-mlock.o)
                                                  /usr/local/Homebrew/Cellar/arm-none-eabi-gcc/10.3-2021.10/gcc/bin/../lib/gcc/arm-none-eabi/10.3.1/../../../../arm-none-eabi/lib/thumb/v7e-m/nofp/libg_nano.a(lib_a-findfp.o)
                                                  /usr/local/Homebrew/Cellar/arm-none-eabi-gcc/10.3-2021.10/gcc/bin/../lib/gcc/arm-none-eabi/10.3.1/../../../../arm-none-eabi/lib/thumb/v7e-m/nofp/libg_nano.a(lib_a-fflush.o)
                                                  /usr/local/Homebrew/Cellar/arm-none-eabi-gcc/10.3-2021.10/gcc/bin/../lib/gcc/arm-none-eabi/10.3.1/../../../../arm-none-eabi/lib/thumb/v7e-m/nofp/libg_nano.a(lib_a-puts.o)
__retarget_lock_try_acquire                       /usr/local/Homebrew/Cellar/arm-none-eabi-gcc/10.3-2021.10/gcc/bin/../lib/gcc/arm-none-eabi/10.3.1/../../../../arm-none-eabi/lib/thumb/v7e-m/nofp/libg_nano.a(lib_a-lock.o)
__retarget_lock_try_acquire_recursive             /usr/local/Homebrew/Cellar/arm-none-eabi-gcc/10.3-2021.10/gcc/bin/../lib/gcc/arm-none-eabi/10.3.1/../../../../arm-none-eabi/lib/thumb/v7e-m/nofp/libg_nano.a(lib_a-lock.o)
__sclose                                          /usr/local/Homebrew/Cellar/arm-none-eabi-gcc/10.3-2021.10/gcc/bin/../lib/gcc/arm-none-eabi/10.3.1/../../../../arm-none-eabi/lib/thumb/v7e-m/nofp/libg_nano.a(lib_a-stdio.o)
                                                  /usr/local/Homebrew/Cellar/arm-none-eabi-gcc/10.3-2021.10/gcc/bin/../lib/gcc/arm-none-eabi/10.3.1/../../../../arm-none-eabi/lib/thumb/v7e-m/nofp/libg_nano.a(lib_a-findfp.o)
__seofread                                        /usr/local/Homebrew/Cellar/arm-none-eabi-gcc/10.3-2021.10/gcc/bin/../lib/gcc/arm-none-eabi/10.3.1/../../../../arm-none-eabi/lib/thumb/v7e-m/nofp/libg_nano.a(lib_a-stdio.o)
__sf_fake_stderr                                  /usr/local/Homebrew/Cellar/arm-none-eabi-gcc/10.3-2021.10/gcc/bin/../lib/gcc/arm-none-eabi/10.3.1/../../../../arm-none-eabi/lib/thumb/v7e-m/nofp/libg_nano.a(lib_a-findfp.o)
                                                  /usr/local/Homebrew/Cellar/arm-none-eabi-gcc/10.3-2021.10/gcc/bin/../lib/gcc/arm-none-eabi/10.3.1/../../../../arm-none-eabi/lib/thumb/v7e-m/nofp/libg_nano.a(lib_a-fflush.o)
                                                  /usr/local/Homebrew/Cellar/arm-none-eabi-gcc/10.3-2021.10/gcc/bin/../lib/gcc/arm-none-eabi/10.3.1/../../../../arm-none-eabi/lib/thumb/v7e-m/nofp/libg_nano.a(lib_a-wsetup.o)
                                                  /usr/local/Homebrew/Cellar/arm-none-eabi-gcc/10.3-2021.10/gcc/bin/../lib/gcc/arm-none-eabi/10.3.1/../../../../arm-none-eabi/lib/thumb/v7e-m/nofp/libg_nano.a(lib_a-wbuf.o)
                                                  /usr/local/Homebrew/Cellar/arm-none-eabi-gcc/10.3-2021.10/gcc/bin/../lib/gcc/arm-none-eabi/10.3.1/../../../../arm-none-eabi/lib/thumb/v7e-m/nofp/libg_nano.a(lib_a-puts.o)
                                                  /usr/local/Homebrew/Cellar/arm-none-eabi-gcc/10.3-2021.10/gcc/bin/../lib/gcc/arm-none-eabi/10.3.1/../../../../arm-none-eabi/lib/thumb/v7e-m/nofp/libg_nano.a(lib_a-impure.o)
__sf_fake_stdin                                   /usr/local/Homebrew/Cellar/arm-none-eabi-gcc/10.3-2021.10/gcc/bin/../lib/gcc/arm-none-eabi/10.3.1/../../../../arm-none-eabi/lib/thumb/v7e-m/nofp/libg_nano.a(lib_a-findfp.o)
                                                  /usr/local/Homebrew/Cellar/arm-none-eabi-gcc/10.3-2021.10/gcc/bin/../lib/gcc/arm-none-eabi/10.3.1/../../../../arm-none-eabi/lib/thumb/v7e-m/nofp/libg_nano.a(lib_a-fflush.o)
                                                  /usr/local/Homebrew/Cellar/arm-none-eabi-gcc/10.3-2021.10/gcc/bin/../lib/gcc/arm-none-eabi/10.3.1/../../../../arm-none-eabi/lib/thumb/v7e-m/nofp/libg_nano.a(lib_a-wsetup.o)
                                                  /usr/local/Homebrew/Cellar/arm-none-eabi-gcc/10.3-2021.10/gcc/bin/../lib/gcc/arm-none-eabi/10.3.1/../../../../arm-none-eabi/lib/thumb/v7e-m/nofp/libg_nano.a(lib_a-wbuf.o)
                                                  /usr/local/Homebrew/Cellar/arm-none-eabi-gcc/10.3-2021.10/gcc/bin/../lib/gcc/arm-none-eabi/10.3.1/../../../../arm-none-eabi/lib/thumb/v7e-m/nofp/libg_nano.a(lib_a-puts.o)
                                                  /usr/local/Homebrew/Cellar/arm-none-eabi-gcc/10.3-2021.10/gcc/bin/../lib/gcc/arm-none-eabi/10.3.1/../../../../arm-none-eabi/lib/thumb/v7e-m/nofp/libg_nano.a(lib_a-impure.o)
__sf_fake_stdout                                  /usr/local/Homebrew/Cellar/arm-none-eabi-gcc/10.3-2021.10/gcc/bin/../lib/gcc/arm-none-eabi/10.3.1/../../../../arm-none-eabi/lib/thumb/v7e-m/nofp/libg_nano.a(lib_a-findfp.o)
                                                  /usr/local/Homebrew/Cellar/arm-none-eabi-gcc/10.3-2021.10/gcc/bin/../lib/gcc/arm-none-eabi/10.3.1/../../../../arm-none-eabi/lib/thumb/v7e-m/nofp/libg_nano.a(lib_a-fflush.o)
                                                  /usr/local/Homebrew/Cellar/arm-none-eabi-gcc/10.3-2021.10/gcc/bin/../lib/gcc/arm-none-eabi/10.3.1/../../../../arm-none-eabi/lib/thumb/v7e-m/nofp/libg_nano.a(lib_a-wsetup.o)
                                                  /usr/local/Homebrew/Cellar/arm-none-eabi-gcc/10.3-2021.10/gcc/bin/../lib/gcc/arm-none-eabi/10.3.1/../../../../arm-none-eabi/lib/thumb/v7e-m/nofp/libg_nano.a(lib_a-wbuf.o)
                                                  /usr/local/Homebrew/Cellar/arm-none-eabi-gcc/10.3-2021.10/gcc/bin/../lib/gcc/arm-none-eabi/10.3.1/../../../../arm-none-eabi/lib/thumb/v7e-m/nofp/libg_nano.a(lib_a-puts.o)
                                                  /usr/local/Homebrew/Cellar/arm-none-eabi-gcc/10.3-2021.10/gcc/bin/../lib/gcc/arm-none-eabi/10.3.1/../../../../arm-none-eabi/lib/thumb/v7e-m/nofp/libg_nano.a(lib_a-impure.o)
__sflush_r                                        /usr/local/Homebrew/Cellar/arm-none-eabi-gcc/10.3-2021.10/gcc/bin/../lib/gcc/arm-none-eabi/10.3.1/../../../../arm-none-eabi/lib/thumb/v7e-m/nofp/libg_nano.a(lib_a-fflush.o)
__sfmoreglue                                      /usr/local/Homebrew/Cellar/arm-none-eabi-gcc/10.3-2021.10/gcc/bin/../lib/gcc/arm-none-eabi/10.3.1/../../../../arm-none-eabi/lib/thumb/v7e-m/nofp/libg_nano.a(lib_a-findfp.o)
__sfp                                             /usr/local/Homebrew/Cellar/arm-none-eabi-gcc/10.3-2021.10/gcc/bin/../lib/gcc/arm-none-eabi/10.3.1/../../../../arm-none-eabi/lib/thumb/v7e-m/nofp/libg_nano.a(lib_a-findfp.o)
__sfp_lock_acquire                                /usr/local/Homebrew/Cellar/arm-none-eabi-gcc/10.3-2021.10/gcc/bin/../lib/gcc/arm-none-eabi/10.3.1/../../../../arm-none-eabi/lib/thumb/v7e-m/nofp/libg_nano.a(lib_a-findfp.o)
__sfp_lock_release                                /usr/local/Homebrew/Cellar/arm-none-eabi-gcc/10.3-2021.10/gcc/bin/../lib/gcc/arm-none-eabi/10.3.1/../../../../arm-none-eabi/lib/thumb/v7e-m/nofp/libg_nano.a(lib_a-findfp.o)
__sinit                                           /usr/local/Homebrew/Cellar/arm-none-eabi-gcc/10.3-2021.10/gcc/bin/../lib/gcc/arm-none-eabi/10.3.1/../../../../arm-none-eabi/lib/thumb/v7e-m/nofp/libg_nano.a(lib_a-findfp.o)
                                                  /usr/local/Homebrew/Cellar/arm-none-eabi-gcc/10.3-2021.10/gcc/bin/../lib/gcc/arm-none-eabi/10.3.1/../../../../arm-none-eabi/lib/thumb/v7e-m/nofp/libg_nano.a(lib_a-fflush.o)
                                                  /usr/local/Homebrew/Cellar/arm-none-eabi-gcc/10.3-2021.10/gcc/bin/../lib/gcc/arm-none-eabi/10.3.1/../../../../arm-none-eabi/lib/thumb/v7e-m/nofp/libg_nano.a(lib_a-wsetup.o)
                                                  /usr/local/Homebrew/Cellar/arm-none-eabi-gcc/10.3-2021.10/gcc/bin/../lib/gcc/arm-none-eabi/10.3.1/../../../../arm-none-eabi/lib/thumb/v7e-m/nofp/libg_nano.a(lib_a-wbuf.o)
                                                  /usr/local/Homebrew/Cellar/arm-none-eabi-gcc/10.3-2021.10/gcc/bin/../lib/gcc/arm-none-eabi/10.3.1/../../../../arm-none-eabi/lib/thumb/v7e-m/nofp/libg_nano.a(lib_a-puts.o)
__sinit_lock_acquire                              /usr/local/Homebrew/Cellar/arm-none-eabi-gcc/10.3-2021.10/gcc/bin/../lib/gcc/arm-none-eabi/10.3.1/../../../../arm-none-eabi/lib/thumb/v7e-m/nofp/libg_nano.a(lib_a-findfp.o)
__sinit_lock_release                              /usr/local/Homebrew/Cellar/arm-none-eabi-gcc/10.3-2021.10/gcc/bin/../lib/gcc/arm-none-eabi/10.3.1/../../../../arm-none-eabi/lib/thumb/v7e-m/nofp/libg_nano.a(lib_a-findfp.o)
__smakebuf_r                                      /usr/local/Homebrew/Cellar/arm-none-eabi-gcc/10.3-2021.10/gcc/bin/../lib/gcc/arm-none-eabi/10.3.1/../../../../arm-none-eabi/lib/thumb/v7e-m/nofp/libg_nano.a(lib_a-makebuf.o)
                                                  /usr/local/Homebrew/Cellar/arm-none-eabi-gcc/10.3-2021.10/gcc/bin/../lib/gcc/arm-none-eabi/10.3.1/../../../../arm-none-eabi/lib/thumb/v7e-m/nofp/libg_nano.a(lib_a-wsetup.o)
__sread                                           /usr/local/Homebrew/Cellar/arm-none-eabi-gcc/10.3-2021.10/gcc/bin/../lib/gcc/arm-none-eabi/10.3.1/../../../../arm-none-eabi/lib/thumb/v7e-m/nofp/libg_nano.a(lib_a-stdio.o)
                                                  /usr/local/Homebrew/Cellar/arm-none-eabi-gcc/10.3-2021.10/gcc/bin/../lib/gcc/arm-none-eabi/10.3.1/../../../../arm-none-eabi/lib/thumb/v7e-m/nofp/libg_nano.a(lib_a-findfp.o)
__sseek                                           /usr/local/Homebrew/Cellar/arm-none-eabi-gcc/10.3-2021.10/gcc/bin/../lib/gcc/arm-none-eabi/10.3.1/../../../../arm-none-eabi/lib/thumb/v7e-m/nofp/libg_nano.a(lib_a-stdio.o)
                                                  /usr/local/Homebrew/Cellar/arm-none-eabi-gcc/10.3-2021.10/gcc/bin/../lib/gcc/arm-none-eabi/10.3.1/../../../../arm-none-eabi/lib/thumb/v7e-m/nofp/libg_nano.a(lib_a-findfp.o)
__stack                                           /usr/local/Homebrew/Cellar/arm-none-eabi-gcc/10.3-2021.10/gcc/bin/../lib/gcc/arm-none-eabi/10.3.1/../../../../arm-none-eabi/lib/thumb/v7e-m/nofp/crt0.o
__swbuf                                           /usr/local/Homebrew/Cellar/arm-none-eabi-gcc/10.3-2021.10/gcc/bin/../lib/gcc/arm-none-eabi/10.3.1/../../../../arm-none-eabi/lib/thumb/v7e-m/nofp/libg_nano.a(lib_a-wbuf.o)
__swbuf_r                                         /usr/local/Homebrew/Cellar/arm-none-eabi-gcc/10.3-2021.10/gcc/bin/../lib/gcc/arm-none-eabi/10.3.1/../../../../arm-none-eabi/lib/thumb/v7e-m/nofp/libg_nano.a(lib_a-wbuf.o)
                                                  /usr/local/Homebrew/Cellar/arm-none-eabi-gcc/10.3-2021.10/gcc/bin/../lib/gcc/arm-none-eabi/10.3.1/../../../../arm-none-eabi/lib/thumb/v7e-m/nofp/libg_nano.a(lib_a-puts.o)
__swhatbuf_r                                      /usr/local/Homebrew/Cellar/arm-none-eabi-gcc/10.3-2021.10/gcc/bin/../lib/gcc/arm-none-eabi/10.3.1/../../../../arm-none-eabi/lib/thumb/v7e-m/nofp/libg_nano.a(lib_a-makebuf.o)
__swrite                                          /usr/local/Homebrew/Cellar/arm-none-eabi-gcc/10.3-2021.10/gcc/bin/../lib/gcc/arm-none-eabi/10.3.1/../../../../arm-none-eabi/lib/thumb/v7e-m/nofp/libg_nano.a(lib_a-stdio.o)
                                                  /usr/local/Homebrew/Cellar/arm-none-eabi-gcc/10.3-2021.10/gcc/bin/../lib/gcc/arm-none-eabi/10.3.1/../../../../arm-none-eabi/lib/thumb/v7e-m/nofp/libg_nano.a(lib_a-findfp.o)
__swsetup_r                                       /usr/local/Homebrew/Cellar/arm-none-eabi-gcc/10.3-2021.10/gcc/bin/../lib/gcc/arm-none-eabi/10.3.1/../../../../arm-none-eabi/lib/thumb/v7e-m/nofp/libg_nano.a(lib_a-wsetup.o)
                                                  /usr/local/Homebrew/Cellar/arm-none-eabi-gcc/10.3-2021.10/gcc/bin/../lib/gcc/arm-none-eabi/10.3.1/../../../../arm-none-eabi/lib/thumb/v7e-m/nofp/libg_nano.a(lib_a-wbuf.o)
                                                  /usr/local/Homebrew/Cellar/arm-none-eabi-gcc/10.3-2021.10/gcc/bin/../lib/gcc/arm-none-eabi/10.3.1/../../../../arm-none-eabi/lib/thumb/v7e-m/nofp/libg_nano.a(lib_a-puts.o)
_cleanup                                          /usr/local/Homebrew/Cellar/arm-none-eabi-gcc/10.3-2021.10/gcc/bin/../lib/gcc/arm-none-eabi/10.3.1/../../../../arm-none-eabi/lib/thumb/v7e-m/nofp/libg_nano.a(lib_a-findfp.o)
_cleanup_r                                        /usr/local/Homebrew/Cellar/arm-none-eabi-gcc/10.3-2021.10/gcc/bin/../lib/gcc/arm-none-eabi/10.3.1/../../../../arm-none-eabi/lib/thumb/v7e-m/nofp/libg_nano.a(lib_a-findfp.o)
                                                  /usr/local/Homebrew/Cellar/arm-none-eabi-gcc/10.3-2021.10/gcc/bin/../lib/gcc/arm-none-eabi/10.3.1/../../../../arm-none-eabi/lib/thumb/v7e-m/nofp/libg_nano.a(lib_a-makebuf.o)
_close                                            /usr/local/Homebrew/Cellar/arm-none-eabi-gcc/10.3-2021.10/gcc/bin/../lib/gcc/arm-none-eabi/10.3.1/../../../../arm-none-eabi/lib/thumb/v7e-m/nofp/libnosys.a(close.o)
                                                  /usr/local/Homebrew/Cellar/arm-none-eabi-gcc/10.3-2021.10/gcc/bin/../lib/gcc/arm-none-eabi/10.3.1/../../../../arm-none-eabi/lib/thumb/v7e-m/nofp/libg_nano.a(lib_a-closer.o)
_close_r                                          /usr/local/Homebrew/Cellar/arm-none-eabi-gcc/10.3-2021.10/gcc/bin/../lib/gcc/arm-none-eabi/10.3.1/../../../../arm-none-eabi/lib/thumb/v7e-m/nofp/libg_nano.a(lib_a-closer.o)
                                                  /usr/local/Homebrew/Cellar/arm-none-eabi-gcc/10.3-2021.10/gcc/bin/../lib/gcc/arm-none-eabi/10.3.1/../../../../arm-none-eabi/lib/thumb/v7e-m/nofp/libg_nano.a(lib_a-stdio.o)
_ebss                                             objdir-CWLITEARM/stm32f3_startup.o
_edata                                            objdir-CWLITEARM/stm32f3_startup.o
_estack                                           objdir-CWLITEARM/stm32f3_startup.o
_exit                                             /usr/local/Homebrew/Cellar/arm-none-eabi-gcc/10.3-2021.10/gcc/bin/../lib/gcc/arm-none-eabi/10.3.1/../../../../arm-none-eabi/lib/thumb/v7e-m/nofp/libnosys.a(_exit.o)
                                                  /usr/local/Homebrew/Cellar/arm-none-eabi-gcc/10.3-2021.10/gcc/bin/../lib/gcc/arm-none-eabi/10.3.1/../../../../arm-none-eabi/lib/thumb/v7e-m/nofp/libg_nano.a(lib_a-exit.o)
_fflush_r                                         /usr/local/Homebrew/Cellar/arm-none-eabi-gcc/10.3-2021.10/gcc/bin/../lib/gcc/arm-none-eabi/10.3.1/../../../../arm-none-eabi/lib/thumb/v7e-m/nofp/libg_nano.a(lib_a-fflush.o)
                                                  /usr/local/Homebrew/Cellar/arm-none-eabi-gcc/10.3-2021.10/gcc/bin/../lib/gcc/arm-none-eabi/10.3.1/../../../../arm-none-eabi/lib/thumb/v7e-m/nofp/libg_nano.a(lib_a-findfp.o)
                                                  /usr/local/Homebrew/Cellar/arm-none-eabi-gcc/10.3-2021.10/gcc/bin/../lib/gcc/arm-none-eabi/10.3.1/../../../../arm-none-eabi/lib/thumb/v7e-m/nofp/libg_nano.a(lib_a-wbuf.o)
_fini                                             /usr/local/Homebrew/Cellar/arm-none-eabi-gcc/10.3-2021.10/gcc/bin/../lib/gcc/arm-none-eabi/10.3.1/thumb/v7e-m/nofp/crti.o
_free_r                                           /usr/local/Homebrew/Cellar/arm-none-eabi-gcc/10.3-2021.10/gcc/bin/../lib/gcc/arm-none-eabi/10.3.1/../../../../arm-none-eabi/lib/thumb/v7e-m/nofp/libg_nano.a(lib_a-nano-freer.o)
                                                  /usr/local/Homebrew/Cellar/arm-none-eabi-gcc/10.3-2021.10/gcc/bin/../lib/gcc/arm-none-eabi/10.3.1/../../../../arm-none-eabi/lib/thumb/v7e-m/nofp/libg_nano.a(lib_a-reent.o)
                                                  /usr/local/Homebrew/Cellar/arm-none-eabi-gcc/10.3-2021.10/gcc/bin/../lib/gcc/arm-none-eabi/10.3.1/../../../../arm-none-eabi/lib/thumb/v7e-m/nofp/libg_nano.a(lib_a-fflush.o)
                                                  /usr/local/Homebrew/Cellar/arm-none-eabi-gcc/10.3-2021.10/gcc/bin/../lib/gcc/arm-none-eabi/10.3.1/../../../../arm-none-eabi/lib/thumb/v7e-m/nofp/libg_nano.a(lib_a-wsetup.o)
_fstat                                            /usr/local/Homebrew/Cellar/arm-none-eabi-gcc/10.3-2021.10/gcc/bin/../lib/gcc/arm-none-eabi/10.3.1/../../../../arm-none-eabi/lib/thumb/v7e-m/nofp/libnosys.a(fstat.o)
                                                  /usr/local/Homebrew/Cellar/arm-none-eabi-gcc/10.3-2021.10/gcc/bin/../lib/gcc/arm-none-eabi/10.3.1/../../../../arm-none-eabi/lib/thumb/v7e-m/nofp/libg_nano.a(lib_a-fstatr.o)
_fstat_r                                          /usr/local/Homebrew/Cellar/arm-none-eabi-gcc/10.3-2021.10/gcc/bin/../lib/gcc/arm-none-eabi/10.3.1/../../../../arm-none-eabi/lib/thumb/v7e-m/nofp/libg_nano.a(lib_a-fstatr.o)
                                                  /usr/local/Homebrew/Cellar/arm-none-eabi-gcc/10.3-2021.10/gcc/bin/../lib/gcc/arm-none-eabi/10.3.1/../../../../arm-none-eabi/lib/thumb/v7e-m/nofp/libg_nano.a(lib_a-makebuf.o)
_fwalk                                            /usr/local/Homebrew/Cellar/arm-none-eabi-gcc/10.3-2021.10/gcc/bin/../lib/gcc/arm-none-eabi/10.3.1/../../../../arm-none-eabi/lib/thumb/v7e-m/nofp/libg_nano.a(lib_a-fwalk.o)
                                                  /usr/local/Homebrew/Cellar/arm-none-eabi-gcc/10.3-2021.10/gcc/bin/../lib/gcc/arm-none-eabi/10.3.1/../../../../arm-none-eabi/lib/thumb/v7e-m/nofp/libg_nano.a(lib_a-findfp.o)
_fwalk_reent                                      /usr/local/Homebrew/Cellar/arm-none-eabi-gcc/10.3-2021.10/gcc/bin/../lib/gcc/arm-none-eabi/10.3.1/../../../../arm-none-eabi/lib/thumb/v7e-m/nofp/libg_nano.a(lib_a-fwalk.o)
                                                  /usr/local/Homebrew/Cellar/arm-none-eabi-gcc/10.3-2021.10/gcc/bin/../lib/gcc/arm-none-eabi/10.3.1/../../../../arm-none-eabi/lib/thumb/v7e-m/nofp/libg_nano.a(lib_a-findfp.o)
                                                  /usr/local/Homebrew/Cellar/arm-none-eabi-gcc/10.3-2021.10/gcc/bin/../lib/gcc/arm-none-eabi/10.3.1/../../../../arm-none-eabi/lib/thumb/v7e-m/nofp/libg_nano.a(lib_a-fflush.o)
_global_impure_ptr                                /usr/local/Homebrew/Cellar/arm-none-eabi-gcc/10.3-2021.10/gcc/bin/../lib/gcc/arm-none-eabi/10.3.1/../../../../arm-none-eabi/lib/thumb/v7e-m/nofp/libg_nano.a(lib_a-impure.o)
                                                  /usr/local/Homebrew/Cellar/arm-none-eabi-gcc/10.3-2021.10/gcc/bin/../lib/gcc/arm-none-eabi/10.3.1/../../../../arm-none-eabi/lib/thumb/v7e-m/nofp/libg_nano.a(lib_a-findfp.o)
                                                  /usr/local/Homebrew/Cellar/arm-none-eabi-gcc/10.3-2021.10/gcc/bin/../lib/gcc/arm-none-eabi/10.3.1/../../../../arm-none-eabi/lib/thumb/v7e-m/nofp/libg_nano.a(lib_a-fflush.o)
                                                  /usr/local/Homebrew/Cellar/arm-none-eabi-gcc/10.3-2021.10/gcc/bin/../lib/gcc/arm-none-eabi/10.3.1/../../../../arm-none-eabi/lib/thumb/v7e-m/nofp/libg_nano.a(lib_a-exit.o)
_impure_ptr                                       /usr/local/Homebrew/Cellar/arm-none-eabi-gcc/10.3-2021.10/gcc/bin/../lib/gcc/arm-none-eabi/10.3.1/../../../../arm-none-eabi/lib/thumb/v7e-m/nofp/libg_nano.a(lib_a-impure.o)
                                                  /usr/local/Homebrew/Cellar/arm-none-eabi-gcc/10.3-2021.10/gcc/bin/../lib/gcc/arm-none-eabi/10.3.1/../../../../arm-none-eabi/lib/thumb/v7e-m/nofp/libg_nano.a(lib_a-reent.o)
                                                  /usr/local/Homebrew/Cellar/arm-none-eabi-gcc/10.3-2021.10/gcc/bin/../lib/gcc/arm-none-eabi/10.3.1/../../../../arm-none-eabi/lib/thumb/v7e-m/nofp/libg_nano.a(lib_a-findfp.o)
                                                  /usr/local/Homebrew/Cellar/arm-none-eabi-gcc/10.3-2021.10/gcc/bin/../lib/gcc/arm-none-eabi/10.3.1/../../../../arm-none-eabi/lib/thumb/v7e-m/nofp/libg_nano.a(lib_a-fflush.o)
                                                  /usr/local/Homebrew/Cellar/arm-none-eabi-gcc/10.3-2021.10/gcc/bin/../lib/gcc/arm-none-eabi/10.3.1/../../../../arm-none-eabi/lib/thumb/v7e-m/nofp/libg_nano.a(lib_a-wsetup.o)
                                                  /usr/local/Homebrew/Cellar/arm-none-eabi-gcc/10.3-2021.10/gcc/bin/../lib/gcc/arm-none-eabi/10.3.1/../../../../arm-none-eabi/lib/thumb/v7e-m/nofp/libg_nano.a(lib_a-wbuf.o)
                                                  /usr/local/Homebrew/Cellar/arm-none-eabi-gcc/10.3-2021.10/gcc/bin/../lib/gcc/arm-none-eabi/10.3.1/../../../../arm-none-eabi/lib/thumb/v7e-m/nofp/libg_nano.a(lib_a-puts.o)
                                                  /usr/local/Homebrew/Cellar/arm-none-eabi-gcc/10.3-2021.10/gcc/bin/../lib/gcc/arm-none-eabi/10.3.1/../../../../arm-none-eabi/lib/thumb/v7e-m/nofp/libg_nano.a(lib_a-errno.o)
_init                                             /usr/local/Homebrew/Cellar/arm-none-eabi-gcc/10.3-2021.10/gcc/bin/../lib/gcc/arm-none-eabi/10.3.1/thumb/v7e-m/nofp/crti.o
                                                  /usr/local/Homebrew/Cellar/arm-none-eabi-gcc/10.3-2021.10/gcc/bin/../lib/gcc/arm-none-eabi/10.3.1/../../../../arm-none-eabi/lib/thumb/v7e-m/nofp/libg_nano.a(lib_a-init.o)
_isatty                                           /usr/local/Homebrew/Cellar/arm-none-eabi-gcc/10.3-2021.10/gcc/bin/../lib/gcc/arm-none-eabi/10.3.1/../../../../arm-none-eabi/lib/thumb/v7e-m/nofp/libnosys.a(isatty.o)
                                                  /usr/local/Homebrew/Cellar/arm-none-eabi-gcc/10.3-2021.10/gcc/bin/../lib/gcc/arm-none-eabi/10.3.1/../../../../arm-none-eabi/lib/thumb/v7e-m/nofp/libg_nano.a(lib_a-isattyr.o)
_isatty_r                                         /usr/local/Homebrew/Cellar/arm-none-eabi-gcc/10.3-2021.10/gcc/bin/../lib/gcc/arm-none-eabi/10.3.1/../../../../arm-none-eabi/lib/thumb/v7e-m/nofp/libg_nano.a(lib_a-isattyr.o)
                                                  /usr/local/Homebrew/Cellar/arm-none-eabi-gcc/10.3-2021.10/gcc/bin/../lib/gcc/arm-none-eabi/10.3.1/../../../../arm-none-eabi/lib/thumb/v7e-m/nofp/libg_nano.a(lib_a-makebuf.o)
_lseek                                            /usr/local/Homebrew/Cellar/arm-none-eabi-gcc/10.3-2021.10/gcc/bin/../lib/gcc/arm-none-eabi/10.3.1/../../../../arm-none-eabi/lib/thumb/v7e-m/nofp/libnosys.a(lseek.o)
                                                  /usr/local/Homebrew/Cellar/arm-none-eabi-gcc/10.3-2021.10/gcc/bin/../lib/gcc/arm-none-eabi/10.3.1/../../../../arm-none-eabi/lib/thumb/v7e-m/nofp/libg_nano.a(lib_a-lseekr.o)
_lseek_r                                          /usr/local/Homebrew/Cellar/arm-none-eabi-gcc/10.3-2021.10/gcc/bin/../lib/gcc/arm-none-eabi/10.3.1/../../../../arm-none-eabi/lib/thumb/v7e-m/nofp/libg_nano.a(lib_a-lseekr.o)
                                                  /usr/local/Homebrew/Cellar/arm-none-eabi-gcc/10.3-2021.10/gcc/bin/../lib/gcc/arm-none-eabi/10.3.1/../../../../arm-none-eabi/lib/thumb/v7e-m/nofp/libg_nano.a(lib_a-stdio.o)